[bounded-pytest] group 1/1: 3 files
.......................F
=================================== FAILURES ===================================
________ test_undeclared_unit_is_unknown_without_changing_source_digest ________

source = SyntheticDiagnosisSource(path=PosixPath('/private/var/folders/tz/wswl3q3117v437rw68yd90gh0000gn/T/fq-check-30tqbjo4/tm...through=datetime.date(2026, 8, 31), money_unit=CompetitionMoneyUnit(status='UNKNOWN', currency=None, amount_unit=None))

    def test_undeclared_unit_is_unknown_without_changing_source_digest(source):
        result = calculate(source)
        assert result.facts.schema_version == "competition-gsv-facts/v2"
        assert result.facts.money_unit.model_dump() == {"status": "UNKNOWN", "currency": None, "amount_unit": None}
        # The existing loader normalizes publication time to UTC before hashing.
>       assert result.data_digest == content_hash({**snapshot(), "published_at": "2026-08-31T16:00:00Z"})
E       AssertionError: assert '7f4bf0f31101...cd96261a421ba' == 'a0e296c6034f...a3079b43f6adf'
E         
E         - a0e296c6034f86e09696480468c5c380102afcb4da7208763c3a3079b43f6adf
E         + 7f4bf0f311017ab8c4dcc266b32594945a92a916d1475c593dccd96261a421ba

backend/tests/test_competition_computed_results.py:192: AssertionError
============================= slowest 10 durations =============================
0.31s setup    backend/tests/test_competition_computed_results.py::test_two_period_arithmetic_and_order_grain
0.03s call     backend/tests/test_competition_computed_results.py::test_as_of_excludes_later_refund_and_clamps_effective_end
0.02s setup    backend/tests/test_competition_computed_results.py::test_sales_scopes_apply_to_both_periods[scope0]
0.02s call     backend/tests/test_competition_computed_results.py::test_two_period_arithmetic_and_order_grain
0.02s call     backend/tests/test_competition_computed_results.py::test_comparison_modes[LAST_WEEK_SAME_WEEKDAY-diag.last_week_same_weekday-compare1]
0.02s call     backend/tests/test_competition_computed_results.py::test_comparison_modes[CUSTOM_DUAL_WINDOW-diag.promo_dual_window-compare0]
0.01s call     backend/tests/test_competition_computed_results.py::test_sales_scopes_apply_to_both_periods[scope0]
0.01s call     backend/tests/test_competition_computed_results.py::test_sales_scopes_apply_to_both_periods[scope1]
0.01s call     backend/tests/test_competition_computed_results.py::test_sales_scopes_apply_to_both_periods[scope2]
0.01s call     backend/tests/test_competition_computed_results.py::test_forged_or_foreign_result_rejected[evidence_digest-0000000000000000000000000000000000000000000000000000000000000000]
=========================== short test summary info ============================
FAILED backend/tests/test_competition_computed_results.py::test_undeclared_unit_is_unknown_without_changing_source_digest
!!!!!!!!!!!!!!!!!!!!!!!!!! stopping after 1 failures !!!!!!!!!!!!!!!!!!!!!!!!!!!
1 failed, 23 passed, 1 warning in 1.12s
[bounded-pytest] group 1 rc=1 time=1.68s peak_rss_gb=0.18
[bounded-pytest] report: /Users/hutou/Desktop/ai-engineering/历史项目/fuqin-date/.worktrees/competition-visual-readiness/.context/checks/20260910T051251772147Z/summary.json
