B0 exact Python closure verified
DSH dev supervisor unit checks (separate from native compatibility acceptance)
✔ native dev brand extension serves verified local assets (4.89175ms)
✔ missing or unresolved local logo fails without consulting another checkout (6.016083ms)
✔ isolated launch accepts an explicit public CA bundle without forwarding keys or TLS bypass (1.09825ms)
✔ plugin overlay inserts file URL and never copies B0 demo disables (0.455167ms)
✔ plugin flag only accepts on or off (0.087875ms)
✔ owned ports reject B0 and Mission listeners (1.04ms)
✔ serve args pin loopback and refuse foreign ports (0.279708ms)
✔ launch URL helper requires a tokenized loopback URL and redacts it (0.243625ms)
✔ pinned SHA matches toolchain contract constant (0.041416ms)
✔ value-taking flags cannot silently fall back after a missing argument (0.189833ms)
✔ diagnose source never signals PIDs or binds a listen socket (2.912542ms)
✔ inspectListener reports a bound owned-range port without killing it (76.810083ms)
✔ diagnose classifies foreign and user-demo ports without probing them over HTTP (455.48575ms)
✔ assertFree fails when the owned port is already bound (7.776917ms)
✔ plugin overlay is JSON that DSH --patch can read and does not disable native rows (2.140416ms)
✔ verifyUpstream matches the pinned SHA when the checkout is present (23.300625ms)
✔ cli check refuses a foreign --web-port without starting anything (36.059291ms)
✔ legacy PID metadata never authorizes stopping a process (0.723292ms)
✔ startup timeout reaps its child before rejecting (517.050125ms)
✔ a running sibling kernel does not block the web supervisor (103.74025ms)
✔ excess startup output stays bounded and the child is reaped (105.371584ms)
ℹ tests 21
ℹ suites 0
ℹ pass 21
ℹ fail 0
ℹ cancelled 0
ℹ skipped 0
ℹ todo 0
ℹ duration_ms 789.023625
B0 contract verified; sha256=5d93c3aabf362865e8f24e28c96a8d1f75717c80370f31734407d85b128b9679; TypeScript checks passed
query contract verified; sha256=38b72d2728131084e8038a16f958e6d245aa035cfbcf44bb49d32cc28b6c2f17; TypeScript checks passed; not an HTTP API
query-run contract verified; sha256=390430dfc4b244df0c8b929719f8a1cc30e0c1a99c36793d63725f7f71e13f5a; TypeScript checks passed; store-only, not an HTTP API
saved-analysis contract verified; sha256=805ba7ead5de1b881b8550947063b63bddcf877b3264f7f6b15f10a6dac56c4d; TypeScript checks passed
cockpit contract verified; sha256=a7ff4611afdf98a0588b6d7f26fcf3573d5338fa95245ed0460e6fd76396efa8; TypeScript checks passed
first-purchase contract verified; sha256=f9fb8927bf11127d19c848d2683cdf4edcf66dde5b57f8c13c13d6c21a39ab66; TypeScript checks passed
first-purchase saved-analysis contract verified; sha256=f913d2a669597d8e493b0d85e86b34b411aa35d67ceb3a6bec6382ddcc837d40; TypeScript checks passed
first-purchase cockpit contract verified; sha256=512e5b41006202bb49d05021fc6f5dd84007fbe1713ac38545d3edac80e9db05; TypeScript checks passed
competition C0 contract verified; sha256=6d6558e894441d707417003ad9f92e4fc486c1c21c1b92a6d9bc1a24f5c5967f; contract_hash=97ee36833200b3a1626a4fa88e6b3bc9591bfb5f6bebc5e666aeabdcce13815a; TypeScript checks passed
Competition chart runtime contract check passed
Competition computed runtime contract check passed
........................................................................ [ 15%]
........................................................................ [ 30%]
........................................................................ [ 45%]
........................................................................ [ 60%]
........................................................................ [ 75%]
........................................................................ [ 90%]
................................................                         [100%]
480 passed, 20 warnings in 53.77s
/Users/hutou/Desktop/ai-engineering/历史项目/fuqin-date/.worktrees/competition-closeout/.context/reproduce-python/lib/python3.14/site-packages/_pytest/unraisableexception.py:67: PytestUnraisableExceptionWarning: Exception ignored while finalizing database connection <sqlite3.Connection object at 0x10b5a08b0>: None

Traceback (most recent call last):
  File "/Users/hutou/Desktop/ai-engineering/历史项目/fuqin-date/.worktrees/competition-closeout/.context/reproduce-python/lib/python3.14/site-packages/_pytest/unraisableexception.py", line 33, in gc_collect_harder
    gc.collect()
    ~~~~~~~~~~^^
ResourceWarning: unclosed database in <sqlite3.Connection object at 0x10b5a08b0>


  warnings.warn(pytest.PytestUnraisableExceptionWarning(msg))
All checks passed!
✔ asset error envelope never treats 500-class payloads as success (1.291667ms)
✔ HTTP dashboard decoder requires CONNECTED and keeps UNAVAILABLE cards without facts (1.380625ms)
✔ analysis list decoder reads items envelope (0.180125ms)
✔ add intent key includes board version so a later add is a new idempotency digest (0.150417ms)
✔ dashboardContainsAnalysis reads analysis_ref without treating UNAVAILABLE facts as success (0.13775ms)
✔ assetRequest is same-origin, never sends bearer, and keeps parse failures as null payload (0.392416ms)
✔ probeAssetHttp requires CONNECTED cockpit and fails closed on transport errors (0.164583ms)
✔ formatCard ok path joins channels and keeps a default title without facts leakage on null cards (0.103083ms)
✔ decode helpers fail closed on empty codes, truncated messages, and incomplete dashboards (0.066291ms)
✔ cockpit decodes SNAPSHOT facts without a session and does not recompute ratios (1.098542ms)
✔ one broken card is isolated from the other card (0.132ms)
✔ finite mock AI preview highlights only the target card and does not persist (0.603666ms)
✔ keyboard bindings match add/copy/remove and are documented constants (0.070625ms)
✔ B0 25% fixture and extra fields are rejected without poisoning other cards (0.053875ms)
✔ empty cockpit and unauthorized views do not require a live session or model (0.076542ms)
✔ view source is a sessionless renderer and does not compute business metrics (0.410209ms)
✔ builds first-purchase cockpit board from SNAPSHOT cards (0.497666ms)
✔ view source exports FirstPurchaseCockpitView and stays NOT_CONNECTED (0.346375ms)
✔ decodeFirstPurchaseRequest accepts registered request and rejects owner/scope (0.879ms)
✔ decodeFirstPurchaseReceipt requires complete filters and ratio consistency (1.806666ms)
✔ empty mature denominator stays null (0.229125ms)
✔ decodeFirstPurchaseReceipt maps REJECTED without conversion fields (0.166708ms)
✔ in-flight receipt is accepted without a result (0.099709ms)
✔ receiptMatchesRequest binds request_id call_id and query window (0.180667ms)
✔ save binding is run-id only (0.649459ms)
✔ overflow stream is cancelled (12.213834ms)
✔ decodes first-purchase SNAPSHOT and rejects channel/B0 (1.016459ms)
✔ save panel stays disabled without SUCCEEDED (0.054291ms)
✔ view source exports FirstPurchaseSavedAnalysisView and stays NOT_CONNECTED (0.320042ms)
✔ selection requires ready and exact matching Host ids plus byId entry (0.359167ms)
✔ pending and unrelated ready lists do not select; arriving exact primary selects once (0.385916ms)
✔ already restored exact primary consumes the initial choice without another open (0.05325ms)
✔ unmount while pending prevents later selection (0.562458ms)
✔ query pair selects the first registered session once; later user switch is kept (0.193459ms)
✔ open failure is reported once, never retried or replaced with another session (0.132167ms)
✔ fixture has internally consistent synthetic counts and round-trips through presentation metadata (1.456083ms)
✔ unknown, partial, extra, or altered metadata never becomes a successful card (0.154542ms)
✔ preview does not apply; apply changes only a UI title after explicit preview (2.240916ms)
✔ editing after preview invalidates it; stale revision also cannot apply (0.40825ms)
✔ titles are bounded; plain text remains plain text without an HTML execution path (0.226875ms)
✔ refresh restore persists only the title, never synthetic facts or business identity (0.221959ms)
✔ corrupt or future preferences fall back safely (0.193625ms)
✔ tool supports only the fixed query and honors cancellation (0.20025ms)
✔ native journal turn/end without actual exit cannot finish a run (0.913417ms)
✔ second question and old late result remain correlated to their own turn (0.384167ms)
✔ discarded pending prompt needs native idle before cancellation proof (0.085875ms)
✔ missing or ambiguous request never manufactures completion (0.449208ms)
✔ official interrupted-tail repair is failure only after the resumed driver is idle and durable (0.053417ms)
✔ plugin chrome uses native DSH tokens and does not paint Vue 44px rectangles (0.393042ms)
✔ plugin registers additive business keys and does not occupy native tool names (0.463625ms)
✔ cancel copy is safe and does not claim CANCELLED (0.37675ms)
✔ classifyCancelOutcome reads HTTP and RPC envelope without exposing server text (0.112292ms)
✔ valid receipt is ok and may show facts (2.202584ms)
✔ unknown version and malformed receipts never allow channel facts (0.457334ms)
✔ tool-error and running blocks keep the existing copy and hide numbers (0.1355ms)
✔ cancel A does not rewrite peer B; SUCCEEDED survives a later cancel (0.171542ms)
✔ released worker and refresh inventory stay exact (0.149667ms)
✔ historical three supervisor exits stay UNKNOWN and are not closed by EPIPE (6.506834ms)
✔ fail-card markers never include channel facts (0.265584ms)
✔ raw 0-1 ratios become percents; null stays an explicit placeholder (0.355417ms)
✔ integer fen become yuan; null stays an explicit placeholder (0.166291ms)
✔ empty mature reason keeps a Chinese meaning and the machine code (0.71075ms)
✔ valid request and receipt decode (0.654209ms)
✔ SQL extra field unknown version and unknown schema are rejected (0.058416ms)
✔ illegal numbers and null shapes do not decode (0.529584ms)
✔ query package is a second frozen family and does not change B0 digest (0.846833ms)
✔ refresh only GETs authenticated context and exact run snapshot, never resubmits (15.148042ms)
✔ foreign-session and foreign-run responses are not rendered (0.877833ms)
✔ permission loss is explicit and no fallback data source or write is tried (0.24925ms)
✔ query run schema is accepted and switching session hides the other view immediately (0.400916ms)
✔ saved analysis decodes without a session and does not recompute ratios (0.942708ms)
✔ refresh candidate is not treated as the pinned SNAPSHOT (0.115459ms)
✔ B0 25% fixture and extra fields are rejected (0.094542ms)
✔ unauthorized view does not require a live session or model (0.056958ms)
✔ empty list offers start-analysis and save panel disables incomplete runs (0.068708ms)
✔ list items stay SNAPSHOT and HTTP remains disconnected (0.085208ms)
✔ view source is a sessionless renderer and does not compute business metrics (0.3095ms)
✔ entire B0 package binds method, reference and example without numeric evidence (1.037916ms)
✔ live package is an immutable snapshot independent of later source mutations (1.505209ms)
✔ resource key denies ../SKILL.md (0.679084ms)
✔ resource key denies /etc/passwd (0.254834ms)
✔ resource key denies https://example.com/private (0.202167ms)
✔ resource key denies references/../SKILL.md (0.163083ms)
✔ resource key denies references/%2e%2e/SKILL.md (0.230958ms)
✔ resource key denies assets\result-example.json (0.290208ms)
✔ resource key denies SKILL.md (0.248459ms)
✔ resource key denies * (0.241709ms)
✔ resource key denies scripts/run.sh (0.226583ms)
✔ resource key denies __proto__ (0.23025ms)
✔ changed bytes denied for SKILL.md (0.558708ms)
✔ changed bytes denied for assets/result-example.json (0.179875ms)
✔ changed bytes denied for references/evidence-policy.md (0.166ms)
✔ manifest changes change the package identity; omitted files and oversized content fail closed (0.621791ms)
✔ unregistered file cannot silently join the packaged closure (45.672334ms)
✔ build-time rejects file-symlink (20.779625ms)
✔ build-time rejects directory-symlink (25.5ms)
✔ build-time rejects root-symlink (14.588375ms)
✔ build-time rejects hard-link (8.213625ms)
✔ build-time rejects script-directory (7.687208ms)
✔ build-time rejects reference-drift (7.591583ms)
✔ asset routes are an exact method/path whitelist (0.612292ms)
✔ browser must not send backend bearer, session fence, or duplicate version headers (0.08325ms)
✔ a real closed stderr consumer is reported once and the supervisor remains alive (144.900125ms)
✔ unexpected synchronous and asynchronous stream errors are not swallowed (0.318125ms)
✔ synchronous EPIPE disables subsequent writes and repeated events remain bounded (0.0955ms)
✔ metadata exact empty arguments: session/modelCatalog (1.585292ms)
✔ metadata exact empty arguments: agentPresets/list (0.784292ms)
✔ metadata exact empty arguments: settings/describe (0.08775ms)
✔ metadata exact empty arguments: session/canOpenWorkspacePath (0.108709ms)
✔ metadata exact empty arguments: settings/canOpenAgentPresetDirectory (0.120667ms)
✔ native session/list accepts only its real _request empty object (0.131416ms)
✔ prompt is same-session text-only queue, bounded and single-flight (0.40125ms)
✔ page and cancel reject another session, subagents, extras and unbounded pages (0.211209ms)
✔ default deny HTTP session/create (0.095792ms)
✔ default deny HTTP session/selectModel (0.114916ms)
✔ default deny HTTP session/fork (0.065791ms)
✔ default deny HTTP session/rename (0.0745ms)
✔ default deny HTTP session/search (0.039375ms)
✔ default deny HTTP session/attachment (0.035041ms)
✔ default deny HTTP session/openWorkspacePath (0.033ms)
✔ default deny HTTP session/updateQueue (0.037875ms)
✔ default deny HTTP agentPresets/select (0.033292ms)
✔ default deny HTTP agentPresets/copy (0.036ms)
✔ default deny HTTP agentPresets/read (0.031417ms)
✔ default deny HTTP agentPresets/deletePreset (0.032917ms)
✔ default deny HTTP workspace/create (0.030917ms)
✔ default deny HTTP workspace/delete (0.052ms)
✔ default deny HTTP directoryPicker/list (0.037ms)
✔ default deny HTTP directoryPicker/pick (0.033917ms)
✔ default deny HTTP directoryPicker/createDirectory (0.030292ms)
✔ default deny HTTP settings/update (0.030583ms)
✔ default deny HTTP settings/mutate (0.030041ms)
✔ default deny HTTP settings/replace (0.030125ms)
✔ default deny HTTP settings/openSettingsDocument (0.04125ms)
✔ default deny HTTP credentials/describe (0.030875ms)
✔ default deny HTTP credentials/set (0.030916ms)
✔ default deny HTTP commands/execute (0.041542ms)
✔ default deny HTTP $events/result (0.076834ms)
✔ default deny HTTP plugins/list (0.057333ms)
✔ default deny HTTP session/%70rompt (0.042458ms)
✔ default deny HTTP /api/session/prompt (0.042167ms)
✔ default deny HTTP future/endpoint (0.037625ms)
✔ actor scope is server-owned and fails closed on mismatch (0.546833ms)
✔ all RemoteFetch variants are denied (0.067334ms)
✔ WS admits only four declared streams and exact payloads (0.176333ms)
✔ WS multiplex ID cannot be reopened across endpoints or after cancellation (0.3525ms)
✔ HTTP session list strips foreign rows and unknown fields (0.293917ms)
✔ preset roster is fixed, read-only and has no source paths (0.132166ms)
✔ settings.describe exports only explicit UI namespaces, no base/user/secrets (0.964083ms)
✔ model metadata keeps only the configured default route, no diagnostics or extra fields (0.30925ms)
✔ events bootstrap does not reveal HOME or forward waterfall/global events (0.153292ms)
✔ control baseline and increments cannot leak sibling sessions (0.141958ms)
✔ workspace stream filters roots, memberships and archived/order identifiers (0.217958ms)
✔ follow snapshots reject other session headers; durable/event data remains scoped (1.058417ms)
✔ HTTP page drops foreign structured data and does not mutate inputs (0.112417ms)
✔ malformed/null and prototype-pollution payloads fail closed (0.083375ms)
✔ two-session allowlist admits A and B HTTP/stream and rejects a third session (0.230792ms)
✔ two-session list and workspace keep A+B and drop a third identity (0.181708ms)
✔ A follow stream drops B frames; B follow keeps B and drops A (0.169625ms)
✔ cancel target is the requested registered session, not a sibling or third (0.121916ms)
✔ passive heartbeat does not keep a normal child alive; exit code is retained (38.52ms)
✔ uncaught exception is observed without preventing default process failure (41.030791ms)
✔ unhandled rejection is observed without preventing default process failure (28.718167ms)
✔ SIGTERM is not intercepted or falsely reported as clean exit (24.711833ms)
✔ SIGKILL is not intercepted or falsely reported as clean exit (24.962792ms)
✔ metadata allowlist omits raw messages, arbitrary strings, paths and secrets (1.152667ms)
✔ bounded evidence reserves fatal and exit events after ordinary event cap (2.371084ms)
✔ existing evidence and symlink targets are not overwritten (1.124292ms)
✔ fixture namespaces only request-scoped tool identity, keeping arguments and facts unchanged (0.66825ms)
✔ official mock wire uses distinct native IDs and observes actual client closure (58.525584ms)
✔ finite multi-tool script configures official producers and refuses exhaustion (9.234834ms)
✔ native-query-assets is an explicit opt-in and does not replace native-query (4.167333ms)
✔ query-only kernel config in serve does not grant asset capabilities by default (1.399125ms)
✔ gateway asset map is not a generic /api proxy (1.5885ms)
✔ assets smoke drives real save/join controls and does not swallow failures (1.003ms)
✔ HTTP overlay does not fetch the mock provider loopback (0.643209ms)
✔ fault entry is independent of the normal native-query scenario (0.587917ms)
✔ fault mock binds A restore N=30 then a later B N=60 turn, not a second call in the success turn (0.292667ms)
✔ visible cancel parsers prefer the query card button; Stop generating is observed not auto-clicked (2.348292ms)
✔ SQL hold proof requires RUNNING worker and matching execution, not QUEUED (0.123209ms)
✔ serve opt-in keeps --native-query on analytics_runtime and attaches the query probe only for --native-query-fault (1.099792ms)
✔ native-query is two distinct prompts on two registered sessions (0.582875ms)
✔ finite mock is two query calls plus two wrap-ups with N30 then N60, no slow chunks (0.139708ms)
✔ query request matches the G4a FIXED window and empty channel_ids (0.175375ms)
✔ composer ready still gates the next send (0.114125ms)
✔ session switch plan uses unique other blank or visible title, never raw session ids (0.158709ms)
✔ snapshot parsers match New session / treeitem titles and ignore raw session ids (0.368916ms)
✔ visible card wait requires exact session and rejects the other N (0.104167ms)
✔ serve opt-in keeps production kernel for native-query and does not enable the probe (4.593667ms)
✔ native-state questions are four distinct prompts and do not infer running from success (1.08025ms)
✔ release path is bound to the current execution id and rejects traversal (5.995ms)
✔ running proof requires the actual tool card text, not a generic task RUNNING status (0.148916ms)
✔ error path releases the current hold without sending another prompt (3.387791ms)
✔ next prompt requires native turn settlement and composer, not backend terminal alone (0.634541ms)
✔ summarizer turn-end plus durable tool result gates the scheduler, not a fixed sleep (0.659708ms)
✔ serve opt-in keeps production kernel default and uses the test-only module only for native-state (1.366917ms)
✔ nested upstream pnpm resolves through project-local Corepack with sanitized PATH (247.047916ms)
✔ each operation checks current authority, including after successful authentication (0.718666ms)
✔ authority errors and malformed positive values fail closed (0.68225ms)
✔ bounded queue cannot execute after overflow even if a prior grant later succeeds (0.285417ms)
✔ stream operations retain order and recheck between queued messages (5.644458ms)
✔ idle established streams are closed after revocation without a new message (5.984709ms)
✔ explicit disposal prevents late checks from delivering content (0.133583ms)
✔ ready URL is found only after the full newline, at every chunk split (0.988667ms)
✔ launch lookup rejects foreign origins, duplicate/invalid token and fragments (0.382ms)
✔ complete log redacts both launch secrets and truncated token tails (0.253791ms)
✔ manifest preserves exact published query URLs and HTML ampersands (1.496959ms)
✔ manifest rejects external, credentials, fragments and non-published URL forms (0.767292ms)
✔ boot graph is parsed as JSON, never executed as JavaScript (0.072834ms)
✔ owned Host restart refreshes exact per-boot URLs while preserving modules and content batches (0.276334ms)
✔ Host restart cannot extend allowlist through new-module (0.123167ms)
✔ Host restart cannot extend allowlist through missing-module (0.075125ms)
✔ Host restart cannot extend allowlist through changed-batch (0.098125ms)
✔ Host restart cannot extend allowlist through missing-batch (0.060917ms)
✔ Host restart cannot extend allowlist through extra-query (0.064291ms)
✔ Host restart cannot extend allowlist through mixed-nonce (0.0475ms)
✔ Host restart cannot extend allowlist through wrong-index (0.045083ms)
✔ Host restart cannot extend allowlist through extra-script (0.065166ms)
✔ RPC errors never return upstream paths, credentials, headers or extra fields (0.0995ms)
✔ RPC success is projected through policy, dropping envelope and value extras (0.181417ms)
✔ unknown/mismatched RPC envelopes and rejected outputs fail closed (0.068542ms)
✔ original logo and cropped favicon match the approved bytes (3.679875ms)
✔ complete condition envelope survives transport with empty, false and null preserved (0.24475ms)
✔ sample reference rejects old filters, snapshots, duplicated refs and arbitrary return URLs (0.048958ms)
✔ isolated specimen has no executable script, old router or dynamic destination (2.47275ms)
ℹ tests 225
ℹ suites 0
ℹ pass 225
ℹ fail 0
ℹ cancelled 0
ℹ skipped 0
ℹ todo 0
ℹ duration_ms 528.411125
B0 host full typecheck passed
B0 client full typecheck passed

  dsh-plugins/analytics-workbench/lib/skills.js      46.7kb
  dsh-plugins/analytics-workbench/lib/tool.js        32.7kb
  dsh-plugins/analytics-workbench/lib/index.js       25.3kb
  dsh-plugins/analytics-workbench/lib/skills.js.map  75.7kb
  dsh-plugins/analytics-workbench/lib/tool.js.map    72.8kb
  dsh-plugins/analytics-workbench/lib/index.js.map   47.3kb

⚡ Done in 14ms

  dsh-plugins/analytics-workbench/lib/client.js      572.3kb
  dsh-plugins/analytics-workbench/lib/client.js.map    2.2mb

⚡ Done in 130ms

  dsh-plugins/analytics-workbench/lib/views/cockpit-view.js            511.2kb
  ...ins/analytics-workbench/lib/views/first-purchase-cockpit-view.js   50.4kb
  dsh-plugins/analytics-workbench/lib/views/saved-analysis-view.js      32.8kb
  ...lytics-workbench/lib/views/first-purchase-saved-analysis-view.js   25.7kb
  dsh-plugins/analytics-workbench/lib/views/cockpit-view.js.map          2.1mb
  ...analytics-workbench/lib/views/first-purchase-cockpit-view.js.map   98.2kb
  ...plugins/analytics-workbench/lib/views/saved-analysis-view.js.map   73.2kb
  ...cs-workbench/lib/views/first-purchase-saved-analysis-view.js.map   48.1kb

⚡ Done in 83ms
B0 plugin built. Host entry: file:///Users/hutou/Desktop/ai-engineering/%E5%8E%86%E5%8F%B2%E9%A1%B9%E7%9B%AE/fuqin-date/.worktrees/competition-visual-readiness/dsh-plugins/analytics-workbench/lib/index.js
✔ native resolved mode updates the existing dialog and inherited competition controls (240.129333ms)
✔ RoutedOverlay stays on the B0 stub until CONNECTED cockpit probe succeeds (48.876166ms)
✔ dirty overlay close asks to discard and does not keep the preview after discard (93.506ms)
✔ stale preview response is ignored after a newer refresh generation (87.460917ms)
✔ HTTP overlay and mock overlay share the native dialog Tab trap (0.195ms)
✔ closed connection details remain keyboard reachable without exposing hidden controls (26.631292ms)
✔ configured competition opens its board directly and loads B0 only on explicit navigation (98.603625ms)
✔ footer open remounts overlay after close on the same page (76.645917ms)
✔ layout drag commits on pointerup and does not preview on pointermove (58.083833ms)
✔ undoBoard is a no-op when the saved board has no prior version (42.414625ms)
✔ undoBoard previews restore_from_version against the current board etag (40.957709ms)
✔ analyses panel add previews analysis_ref then save posts the add intent key (78.180792ms)
✔ addAnalysis creates the owner board before previewing add when none exists (54.215375ms)
✔ preview 409 re-reads and does not keep a stale pending op (63.669583ms)
✔ save 409 re-reads and does not keep the pending preview (68.107167ms)
✔ save 201 then dashboard 4xx/409 does not POST a second analysis (85.621125ms)
✔ two overlay instances keep preview save undo on their own dashboard_id (120.452125ms)
✔ analyses panel sets data-panel=analyses, omits undo, and does not claim overlay hung (34.115584ms)
✔ built Host root requires isolated capabilities; tool fails closed without native context (36.715042ms)
✔ built browser factory requires only platform modules and registers shared-root entries (65.551958ms)
✔ compiled first-purchase card covers states without skipping the renderer (76.872458ms)
✔ one package entry registers competition tools only for explicitly connected native UI (49.338375ms)
✔ built package root and per-agent tool load through real Cordis include and dispose (52.609208ms)
✔ query-family Cordis loader registers query tool and two-session health (12.794667ms)
✔ ordinary native chat has no synthetic run status; registered B0 still has its status (62.905875ms)
✔ apply registers business slots; dispose removes them without touching native keys (5.356625ms)
✔ a second apply on the same fake ctx duplicates registrations; Host must not double-insert the plugin (5.12825ms)
Warning: The current testing environment is not configured to support act(...)
Warning: The current testing environment is not configured to support act(...)
Warning: The current testing environment is not configured to support act(...)
Warning: The current testing environment is not configured to support act(...)
Warning: The current testing environment is not configured to support act(...)
Warning: The current testing environment is not configured to support act(...)
Warning: The current testing environment is not configured to support act(...)
Warning: The current testing environment is not configured to support act(...)
Warning: The current testing environment is not configured to support act(...)
Warning: The current testing environment is not configured to support act(...)
Warning: The current testing environment is not configured to support act(...)
Warning: The current testing environment is not configured to support act(...)
Warning: The current testing environment is not configured to support act(...)
Warning: The current testing environment is not configured to support act(...)
Warning: The current testing environment is not configured to support act(...)
Warning: The current testing environment is not configured to support act(...)
Warning: The current testing environment is not configured to support act(...)
Warning: The current testing environment is not configured to support act(...)
Warning: The current testing environment is not configured to support act(...)
Warning: The current testing environment is not configured to support act(...)
Warning: The current testing environment is not configured to support act(...)
Warning: The current testing environment is not configured to support act(...)
Warning: The current testing environment is not configured to support act(...)
Warning: The current testing environment is not configured to support act(...)
Warning: The current testing environment is not configured to support act(...)
Warning: The current testing environment is not configured to support act(...)
Warning: The current testing environment is not configured to support act(...)
Warning: The current testing environment is not configured to support act(...)
Warning: The current testing environment is not configured to support act(...)
Warning: The current testing environment is not configured to support act(...)
Warning: The current testing environment is not configured to support act(...)
Warning: The current testing environment is not configured to support act(...)
Warning: The current testing environment is not configured to support act(...)
Warning: The current testing environment is not configured to support act(...)
Warning: The current testing environment is not configured to support act(...)
✔ compiled cancel click surfaces HTTP/RPC/network outcomes and suppresses unhandledRejection (377.942125ms)
Warning: The current testing environment is not configured to support act(...)
Warning: The current testing environment is not configured to support act(...)
Warning: The current testing environment is not configured to support act(...)
Warning: The current testing environment is not configured to support act(...)
✔ duplicate click while submitting does not open a second request (40.39625ms)
Warning: The current testing environment is not configured to support act(...)
Warning: The current testing environment is not configured to support act(...)
Warning: The current testing environment is not configured to support act(...)
    at th (evalmachine.<anonymous>:202:16862)
Warning: The current testing environment is not configured to support act(...)
✔ late cancel response does not paint a later call card (30.722125ms)
✔ query-card source keeps existing fault copy and stamps data-query-fault (0.658709ms)
✔ unknown version, extra fields, and tool errors classify without leaking channel facts (0.403583ms)
✔ compiled query fault cards hide channel digits when lib/client.js is present (80.925ms)
✔ save then join creates an owner board and posts add with board-version key (121.070125ms)
✔ save surfaces contract errors and malformed payloads without treating them as saved (60.28175ms)
✔ join keeps the analysis saved when listing the board fails (50.617875ms)
✔ save 201 then dashboard 4xx/409 does not POST a second analysis; join retries joinAttempt only (145.234709ms)
✔ duplicate save click while posting does not open a second request (51.477ms)
✔ query-family Cordis skills register immutable method and deny unknown skill name (23.514416ms)
✔ compiled saved analysis renders without a session and preserves unavailable/denied states (2.342416ms)
✔ compiled cockpit renders without a session and preserves unavailable/denied states (1.202625ms)
✔ native filesystem provider excludes synthetic personal/project roots and an explicit empty bundled root (10.914666ms)
✔ native skill loading and real compaction preserve fresh backend authority and deny revoked reads (30.465708ms)
✔ compiled React tool card DOM: running (0.689ms)
✔ compiled React tool card DOM: success (0.53375ms)
✔ compiled React tool card DOM: tool-error (0.187ms)
✔ compiled React tool card DOM: unknown-version (0.115542ms)
✔ compiled React tool card DOM: missing-meta (0.081417ms)
✔ compiled React tool card DOM: extra-meta (0.077458ms)
✔ compiled React tool card DOM: changed-facts (0.071416ms)
✔ compiled React tool card DOM: error-with-meta (0.089875ms)
✔ compiled React query tool card DOM: query-running (0.425708ms)
✔ compiled React query tool card DOM: query-success (1.444583ms)
✔ compiled React query tool card DOM: query-null (0.23125ms)
✔ compiled React query tool card DOM: query-failed (0.086625ms)
✔ compiled React query tool card DOM: query-unknown (0.085083ms)
✔ query card stylesheet uses native DSH body token and does not keep the 13px body size (0.053292ms)
✔ compiled plugin owns B0 and query tool keys, preserving other native card registrations (0.311333ms)
ℹ tests 58
ℹ suites 0
ℹ pass 58
ℹ fail 0
ℹ cancelled 0
ℹ skipped 0
ℹ todo 0
ℹ duration_ms 1829.134917
✔ brand surface sets DESIGN title and replaces upstream greeting (0.403833ms)
✔ embedded audience fixtures match frozen C0 JSON (9.093041ms)
✔ candidate decode requires unique_count to equal deduped keys and auto_send false (0.386583ms)
✔ AND success, OR partial, zero audience, copy-only vs rule expiry, 409 (0.684125ms)
✔ actions UI source covers AND/OR, zero, explanations, draft expiry and no auto send (1.937042ms)
✔ remount retry retains intent; success and different actor start new intents (4.134167ms)
✔ compiled board renders persisted computed GSV and data-driven chart preferences after reopen (595.549042ms)
✔ compiled board reports disconnected service and a failed saved-board read instead of an empty success (53.85625ms)
✔ T04 compiled DOM preserves GSV 0.25 and formats only the raw ratio as 25% (53.009833ms)
Warning: An update to jd inside a test was not wrapped in act(...).

When testing, code that causes React state updates should be wrapped into act(...):

act(() => {
  /* fire events that update state */
});
/* assert on the output */

This ensures that you're testing the behavior the user would see in the browser. Learn more at https://reactjs.org/link/wrap-tests-with-act
    at jd (file:///Users/hutou/Desktop/ai-engineering/%E5%8E%86%E5%8F%B2%E9%A1%B9%E7%9B%AE/fuqin-date/.worktrees/competition-visual-readiness/dsh-plugins/analytics-workbench/lib/views/cockpit-view.js:993:4991)
    at Lce (file:///Users/hutou/Desktop/ai-engineering/%E5%8E%86%E5%8F%B2%E9%A1%B9%E7%9B%AE/fuqin-date/.worktrees/competition-visual-readiness/dsh-plugins/analytics-workbench/lib/views/cockpit-view.js:993:44908)
Warning: An update to jd inside a test was not wrapped in act(...).

When testing, code that causes React state updates should be wrapped into act(...):

act(() => {
  /* fire events that update state */
});
/* assert on the output */

This ensures that you're testing the behavior the user would see in the browser. Learn more at https://reactjs.org/link/wrap-tests-with-act
    at jd (file:///Users/hutou/Desktop/ai-engineering/%E5%8E%86%E5%8F%B2%E9%A1%B9%E7%9B%AE/fuqin-date/.worktrees/competition-visual-readiness/dsh-plugins/analytics-workbench/lib/views/cockpit-view.js:993:4991)
    at Lce (file:///Users/hutou/Desktop/ai-engineering/%E5%8E%86%E5%8F%B2%E9%A1%B9%E7%9B%AE/fuqin-date/.worktrees/competition-visual-readiness/dsh-plugins/analytics-workbench/lib/views/cockpit-view.js:993:44908)
✔ chart preference enables save and survives component reopen, bound to the changed block (894.214167ms)
✔ compiled B0 cockpit view still renders empty/denied without competition surface (1.761833ms)
✔ compiled competition board surface explains manual editing without claiming native model unavailable (7.461084ms)
✔ compiled actions surface shows zero-copy and no auto send (1.314083ms)
Warning: An update to Root inside a test was not wrapped in act(...).

When testing, code that causes React state updates should be wrapped into act(...):

act(() => {
  /* fire events that update state */
});
/* assert on the output */

This ensures that you're testing the behavior the user would see in the browser. Learn more at https://reactjs.org/link/wrap-tests-with-act
Warning: An update to Ud inside a test was not wrapped in act(...).

When testing, code that causes React state updates should be wrapped into act(...):

act(() => {
  /* fire events that update state */
});
/* assert on the output */

This ensures that you're testing the behavior the user would see in the browser. Learn more at https://reactjs.org/link/wrap-tests-with-act
    at Ud (file:///Users/hutou/Desktop/ai-engineering/%E5%8E%86%E5%8F%B2%E9%A1%B9%E7%9B%AE/fuqin-date/.worktrees/competition-visual-readiness/dsh-plugins/analytics-workbench/lib/views/cockpit-view.js:993:37130)
    at Lce (file:///Users/hutou/Desktop/ai-engineering/%E5%8E%86%E5%8F%B2%E9%A1%B9%E7%9B%AE/fuqin-date/.worktrees/competition-visual-readiness/dsh-plugins/analytics-workbench/lib/views/cockpit-view.js:993:44908)
Warning: An update to Ud inside a test was not wrapped in act(...).

When testing, code that causes React state updates should be wrapped into act(...):

act(() => {
  /* fire events that update state */
});
/* assert on the output */

This ensures that you're testing the behavior the user would see in the browser. Learn more at https://reactjs.org/link/wrap-tests-with-act
    at Ud (file:///Users/hutou/Desktop/ai-engineering/%E5%8E%86%E5%8F%B2%E9%A1%B9%E7%9B%AE/fuqin-date/.worktrees/competition-visual-readiness/dsh-plugins/analytics-workbench/lib/views/cockpit-view.js:993:37130)
    at Lce (file:///Users/hutou/Desktop/ai-engineering/%E5%8E%86%E5%8F%B2%E9%A1%B9%E7%9B%AE/fuqin-date/.worktrees/competition-visual-readiness/dsh-plugins/analytics-workbench/lib/views/cockpit-view.js:993:44908)
✔ board DOM: endorse COMPLETE, reject empty, preview layout on pointerup not pointermove, 409 keeps draft (105.677875ms)
Warning: An update to Root inside a test was not wrapped in act(...).

When testing, code that causes React state updates should be wrapped into act(...):

act(() => {
  /* fire events that update state */
});
/* assert on the output */

This ensures that you're testing the behavior the user would see in the browser. Learn more at https://reactjs.org/link/wrap-tests-with-act
Warning: An update to jd inside a test was not wrapped in act(...).

When testing, code that causes React state updates should be wrapped into act(...):

act(() => {
  /* fire events that update state */
});
/* assert on the output */

This ensures that you're testing the behavior the user would see in the browser. Learn more at https://reactjs.org/link/wrap-tests-with-act
    at jd (file:///Users/hutou/Desktop/ai-engineering/%E5%8E%86%E5%8F%B2%E9%A1%B9%E7%9B%AE/fuqin-date/.worktrees/competition-visual-readiness/dsh-plugins/analytics-workbench/lib/views/cockpit-view.js:993:4991)
    at Lce (file:///Users/hutou/Desktop/ai-engineering/%E5%8E%86%E5%8F%B2%E9%A1%B9%E7%9B%AE/fuqin-date/.worktrees/competition-visual-readiness/dsh-plugins/analytics-workbench/lib/views/cockpit-view.js:993:44908)
Warning: An update to jd inside a test was not wrapped in act(...).

When testing, code that causes React state updates should be wrapped into act(...):

act(() => {
  /* fire events that update state */
});
/* assert on the output */

This ensures that you're testing the behavior the user would see in the browser. Learn more at https://reactjs.org/link/wrap-tests-with-act
    at jd (file:///Users/hutou/Desktop/ai-engineering/%E5%8E%86%E5%8F%B2%E9%A1%B9%E7%9B%AE/fuqin-date/.worktrees/competition-visual-readiness/dsh-plugins/analytics-workbench/lib/views/cockpit-view.js:993:4991)
    at Lce (file:///Users/hutou/Desktop/ai-engineering/%E5%8E%86%E5%8F%B2%E9%A1%B9%E7%9B%AE/fuqin-date/.worktrees/competition-visual-readiness/dsh-plugins/analytics-workbench/lib/views/cockpit-view.js:993:44908)
✔ actions DOM: AND count, zero audience, copy-only vs expired draft (156.352375ms)
Warning: An update to Root inside a test was not wrapped in act(...).

When testing, code that causes React state updates should be wrapped into act(...):

act(() => {
  /* fire events that update state */
});
/* assert on the output */

This ensures that you're testing the behavior the user would see in the browser. Learn more at https://reactjs.org/link/wrap-tests-with-act
Warning: An update to jd inside a test was not wrapped in act(...).

When testing, code that causes React state updates should be wrapped into act(...):

act(() => {
  /* fire events that update state */
});
/* assert on the output */

This ensures that you're testing the behavior the user would see in the browser. Learn more at https://reactjs.org/link/wrap-tests-with-act
    at jd (file:///Users/hutou/Desktop/ai-engineering/%E5%8E%86%E5%8F%B2%E9%A1%B9%E7%9B%AE/fuqin-date/.worktrees/competition-visual-readiness/dsh-plugins/analytics-workbench/lib/views/cockpit-view.js:993:4991)
    at Lce (file:///Users/hutou/Desktop/ai-engineering/%E5%8E%86%E5%8F%B2%E9%A1%B9%E7%9B%AE/fuqin-date/.worktrees/competition-visual-readiness/dsh-plugins/analytics-workbench/lib/views/cockpit-view.js:993:44908)
Warning: An update to jd inside a test was not wrapped in act(...).

When testing, code that causes React state updates should be wrapped into act(...):

act(() => {
  /* fire events that update state */
});
/* assert on the output */

This ensures that you're testing the behavior the user would see in the browser. Learn more at https://reactjs.org/link/wrap-tests-with-act
    at jd (file:///Users/hutou/Desktop/ai-engineering/%E5%8E%86%E5%8F%B2%E9%A1%B9%E7%9B%AE/fuqin-date/.worktrees/competition-visual-readiness/dsh-plugins/analytics-workbench/lib/views/cockpit-view.js:993:4991)
    at Lce (file:///Users/hutou/Desktop/ai-engineering/%E5%8E%86%E5%8F%B2%E9%A1%B9%E7%9B%AE/fuqin-date/.worktrees/competition-visual-readiness/dsh-plugins/analytics-workbench/lib/views/cockpit-view.js:993:44908)
✔ HTTP-shaped sparse result: confirm panel does not throw, 行数 is not undefined (70.248084ms)
Warning: An update to Root inside a test was not wrapped in act(...).

When testing, code that causes React state updates should be wrapped into act(...):

act(() => {
  /* fire events that update state */
});
/* assert on the output */

This ensures that you're testing the behavior the user would see in the browser. Learn more at https://reactjs.org/link/wrap-tests-with-act
✔ failed 成板 retry stays mounted and does not duplicate the board (132.889917ms)
✔ HTTP board reopens pinned result and layout; unavailable binding never substitutes list results (49.693625ms)
✔ HTTP create retries keep IDs, next selection creates a distinct board, preview does not write (106.03375ms)
✔ HTTP actions can create first draft, reopen with a new transport, then update same versioned draft (103.205667ms)
✖ saved-board picker loads each authorized board, preserves selection on reopen and locks unsaved edits (50.968375ms)
✖ board switching keeps the prior asset on denial and does not restore an unlisted preference (44.40825ms)
✔ HTTP connection loss yields a displayable error without retrying an uncertain write (0.600209ms)
✔ non-contract HTTP errors remain visible and contracted permission errors retain their identity (0.210042ms)
✔ embedded board/result fixtures match frozen C0 JSON (12.127291ms)
✔ C0 board decode rejects PUBLIC visibility and accepts empty boards (0.407542ms)
✔ illegal HTML/JS patches are rejected before transport (0.3325ms)
✔ UI selection does not rewrite in-flight patch target (0.195875ms)
✔ layout clamp and keyboard substitutes match overlay bounds (0.210209ms)
✔ fixture transport covers endorse, partial batch, style preview, 409, 403 (1.47325ms)
✔ FILTER_CHANGE and empty result stay honest (0.186042ms)
✔ formatResultRowCount never renders undefined; sparse confirm chips do not throw (0.290292ms)
✔ board UI source covers endorsement, grid, scope chat, 409 and keyboard substitutes (2.86625ms)
✔ computed GSV is a separate, endorsable saved result with raw ratios (1.066541ms)
✔ computed decoder rejects forged family, percentages and corrupt values (0.61ms)
✔ HTTP transport does not load malformed computed amounts into endorsement list (15.830083ms)
✔ competition HTTP options refuse user demo ports (0.546875ms)
✔ HTTP audience wrap turns UI chips into C0 T05 preview body (0.105625ms)
✔ HTTP transports post C0 paths and unwrap results list (0.386333ms)
✔ competition shell exports the A6 contract names with the locked AntD provider (5.663458ms)
✔ brand tokens follow DESIGN.md and keep original asset URLs (0.872666ms)
✔ competition CSS covers welcome/nav/title/error/dialog and reduced motion (1.368375ms)
✔ native chrome export const css is not painted with Vue brand literals (1.377709ms)
✔ layout slots include A6 mount points and do not register native DSH keys (0.8195ms)
The above error occurred in the <Boom> component:

    at Boom (file:///Users/hutou/Desktop/ai-engineering/%E5%8E%86%E5%8F%B2%E9%A1%B9%E7%9B%AE/fuqin-date/.worktrees/competition-visual-readiness/dsh-plugins/analytics-workbench/src/client/overlay-error-boundary.test.mjs:18:9)
    at OverlayErrorBoundary (file:///Users/hutou/Desktop/ai-engineering/%E5%8E%86%E5%8F%B2%E9%A1%B9%E7%9B%AE/fuqin-date/.worktrees/competition-visual-readiness/dsh-plugins/analytics-workbench/src/client/overlay-error-boundary.mjs:6:5)
    at div
    at Shell (file:///Users/hutou/Desktop/ai-engineering/%E5%8E%86%E5%8F%B2%E9%A1%B9%E7%9B%AE/fuqin-date/.worktrees/competition-visual-readiness/dsh-plugins/analytics-workbench/src/client/overlay-error-boundary.test.mjs:28:20)

React will try to recreate this component tree from scratch using the error boundary you provided, OverlayErrorBoundary.
Warning: An update to Root inside a test was not wrapped in act(...).

When testing, code that causes React state updates should be wrapped into act(...):

act(() => {
  /* fire events that update state */
});
/* assert on the output */

This ensures that you're testing the behavior the user would see in the browser. Learn more at https://reactjs.org/link/wrap-tests-with-act
✔ OverlayErrorBoundary keeps siblings mounted and remounts on resetKey (55.446709ms)
✔ native abort preserves publication outcome: CANCELLED (12.225834ms)
✔ native abort preserves publication outcome: ALREADY_PUBLISHED (0.305875ms)
✔ native abort preserves publication outcome: UNCONFIRMED (0.124917ms)
✔ native abort preserves publication outcome: wrong-binding (0.180167ms)
✔ competition skill package freezes without numeric evidence (11.515417ms)
✔ resource key denies ../SKILL.md (2.91275ms)
✔ resource key denies /etc/passwd (2.021333ms)
✔ resource key denies https://example.com/private (1.790375ms)
✔ resource key denies scripts/run.sh (1.586292ms)
✔ resource key denies SKILL.md (1.036667ms)
✔ registered tools do not include old routes (0.131417ms)
✔ native cancellation reaches the pending HTTP request and never retries (0.473584ms)
✔ STYLE_ONLY does not query; FILTER_CHANGE is a new run (0.13775ms)
✔ illegal script patch and in-flight selection (0.132958ms)
✔ offline python eval suite (203.438667ms)
✔ built native diagnosis tools forward trusted session IDs over model-supplied values (19.744542ms)
✔ T13 real model is NOT_RUN and stub is forbidden (0.688709ms)
✔ T15 browser+model UAT is NOT_RUN (0.64475ms)
✔ T16 capacity is NOT_RUN and must not start a load run (0.237166ms)
✔ T17 native/browser matrix is NOT_RUN without independent DSH (0.224875ms)
✔ does not bind user demo ports 8000/5173/4327 (0.318708ms)
✔ T09-T11 board source exists on SUT and keeps in-flight target (0.851041ms)
✔ T09 board UI source covers endorsement and partial batch (0.274833ms)
✔ T10 style-only is not a query; illegal script rejected (0.904167ms)
✔ T11 model-unavailable still shows saved board; discard is not undo (0.616542ms)
✔ T12 actions source covers zero candidates and no auto send (0.116625ms)
✔ T09-T11 compiled React DOM is fail-closed without lib/views (0.141ms)
ℹ tests 72
ℹ suites 0
ℹ pass 70
ℹ fail 2
ℹ cancelled 0
ℹ skipped 0
ℹ todo 0
ℹ duration_ms 2812.054292

✖ failing tests:

test at dsh-plugins/analytics-workbench/src/client/competition-board/competition-board-dom.test.mjs:596:1
✖ saved-board picker loads each authorized board, preserves selection on reopen and locks unsaved edits (50.968375ms)
  AssertionError [ERR_ASSERTION]: The expression evaluated to a falsy value:
  
    assert.ok(option)
  
      at TestContext.<anonymous> (file:///Users/hutou/Desktop/ai-engineering/%E5%8E%86%E5%8F%B2%E9%A1%B9%E7%9B%AE/fuqin-date/.worktrees/competition-visual-readiness/dsh-plugins/analytics-workbench/src/client/competition-board/competition-board-dom.test.mjs:616:12)
      at async Test.run (node:internal/test_runner/test:1389:7)
      at async Test.processPendingSubtests (node:internal/test_runner/test:960:7) {
    generatedMessage: true,
    code: 'ERR_ASSERTION',
    actual: undefined,
    expected: true,
    operator: '==',
    diff: 'simple'
  }

test at dsh-plugins/analytics-workbench/src/client/competition-board/competition-board-dom.test.mjs:634:1
✖ board switching keeps the prior asset on denial and does not restore an unlisted preference (44.40825ms)
  TypeError: Cannot read properties of undefined (reading 'click')
      at file:///Users/hutou/Desktop/ai-engineering/%E5%8E%86%E5%8F%B2%E9%A1%B9%E7%9B%AE/fuqin-date/.worktrees/competition-visual-readiness/dsh-plugins/analytics-workbench/src/client/competition-board/competition-board-dom.test.mjs:657:122
      at act (/Users/hutou/Desktop/ai-engineering/历史项目/fuqin-date/.worktrees/competition-closeout/.context/dsh-b0/upstream/node_modules/.pnpm/react@18.3.1/node_modules/react/cjs/react.development.js:2512:16)
      at chooseB (file:///Users/hutou/Desktop/ai-engineering/%E5%8E%86%E5%8F%B2%E9%A1%B9%E7%9B%AE/fuqin-date/.worktrees/competition-visual-readiness/dsh-plugins/analytics-workbench/src/client/competition-board/competition-board-dom.test.mjs:657:11)
      at async TestContext.<anonymous> (file:///Users/hutou/Desktop/ai-engineering/%E5%8E%86%E5%8F%B2%E9%A1%B9%E7%9B%AE/fuqin-date/.worktrees/competition-visual-readiness/dsh-plugins/analytics-workbench/src/client/competition-board/competition-board-dom.test.mjs:660:33)
      at async Test.run (node:internal/test_runner/test:1389:7)
      at async Test.processPendingSubtests (node:internal/test_runner/test:960:7)
node:internal/modules/run_main:107
    triggerUncaughtException(
    ^

AssertionError [ERR_ASSERTION]: B0 stage failed: /Users/hutou/homebrew/Cellar/node@24/24.19.0/bin/node --test /Users/hutou/Desktop/ai-engineering/历史项目/fuqin-date/.worktrees/competition-visual-readiness/dsh-plugins/analytics-workbench/src/client/brand-surface.test.mjs /Users/hutou/Desktop/ai-engineering/历史项目/fuqin-date/.worktrees/competition-visual-readiness/dsh-plugins/analytics-workbench/src/client/competition-http.test.mjs /Users/hutou/Desktop/ai-engineering/历史项目/fuqin-date/.worktrees/competition-visual-readiness/dsh-plugins/analytics-workbench/src/client/overlay-error-boundary.test.mjs /Users/hutou/Desktop/ai-engineering/历史项目/fuqin-date/.worktrees/competition-visual-readiness/dsh-plugins/analytics-workbench/src/client/competition-shell/competition-shell.test.mjs /Users/hutou/Desktop/ai-engineering/历史项目/fuqin-date/.worktrees/competition-visual-readiness/dsh-plugins/analytics-workbench/src/client/competition-board/batch-intent.test.mjs /Users/hutou/Desktop/ai-engineering/历史项目/fuqin-date/.worktrees/competition-visual-readiness/dsh-plugins/analytics-workbench/src/client/competition-board/competition-board-dom.test.mjs /Users/hutou/Desktop/ai-engineering/历史项目/fuqin-date/.worktrees/competition-visual-readiness/dsh-plugins/analytics-workbench/src/client/competition-board/competition-board.test.mjs /Users/hutou/Desktop/ai-engineering/历史项目/fuqin-date/.worktrees/competition-visual-readiness/dsh-plugins/analytics-workbench/src/client/competition-board/computed-result.test.mjs /Users/hutou/Desktop/ai-engineering/历史项目/fuqin-date/.worktrees/competition-visual-readiness/dsh-plugins/analytics-workbench/src/client/competition-actions/competition-actions.test.mjs /Users/hutou/Desktop/ai-engineering/历史项目/fuqin-date/.worktrees/competition-visual-readiness/dsh-plugins/analytics-workbench/src/competition-agent/cancellation.test.mjs /Users/hutou/Desktop/ai-engineering/历史项目/fuqin-date/.worktrees/competition-visual-readiness/dsh-plugins/analytics-workbench/src/competition-agent/competition-agent.test.mjs /Users/hutou/Desktop/ai-engineering/历史项目/fuqin-date/.worktrees/competition-visual-readiness/dsh-plugins/analytics-workbench/tests/competition-acceptance/fail-closed-browser-model-capacity.test.mjs /Users/hutou/Desktop/ai-engineering/历史项目/fuqin-date/.worktrees/competition-visual-readiness/dsh-plugins/analytics-workbench/tests/competition-acceptance/fail-closed-dom.test.mjs (1)
    at run (file:///Users/hutou/Desktop/ai-engineering/%E5%8E%86%E5%8F%B2%E9%A1%B9%E7%9B%AE/fuqin-date/.worktrees/competition-visual-readiness/scripts/dsh-b0/pipeline.mjs:35:10)
    at file:///Users/hutou/Desktop/ai-engineering/%E5%8E%86%E5%8F%B2%E9%A1%B9%E7%9B%AE/fuqin-date/.worktrees/competition-visual-readiness/scripts/dsh-b0/pipeline.mjs:139:3 {
  generatedMessage: false,
  code: 'ERR_ASSERTION',
  actual: false,
  expected: true,
  operator: '==',
  diff: 'simple'
}

Node.js v24.19.0
