B0 exact Python closure verified
DSH dev supervisor unit checks (separate from native compatibility acceptance)
✔ native dev brand extension serves verified local assets (4.186041ms)
✔ missing or unresolved local logo fails without consulting another checkout (6.028083ms)
✔ isolated launch accepts an explicit public CA bundle without forwarding keys or TLS bypass (1.193875ms)
✔ plugin overlay inserts file URL and never copies B0 demo disables (0.169584ms)
✔ plugin flag only accepts on or off (0.05775ms)
✔ owned ports reject B0 and Mission listeners (0.80925ms)
✔ serve args pin loopback and refuse foreign ports (0.194416ms)
✔ launch URL helper requires a tokenized loopback URL and redacts it (0.428708ms)
✔ pinned SHA matches toolchain contract constant (0.111458ms)
✔ value-taking flags cannot silently fall back after a missing argument (0.56675ms)
✔ diagnose source never signals PIDs or binds a listen socket (1.574834ms)
✔ inspectListener reports a bound owned-range port without killing it (74.4855ms)
✔ diagnose classifies foreign and user-demo ports without probing them over HTTP (464.842958ms)
✔ assertFree fails when the owned port is already bound (5.377208ms)
✔ plugin overlay is JSON that DSH --patch can read and does not disable native rows (3.189375ms)
✔ verifyUpstream matches the pinned SHA when the checkout is present (23.886459ms)
✔ cli check refuses a foreign --web-port without starting anything (38.787ms)
✔ legacy PID metadata never authorizes stopping a process (0.64825ms)
✔ startup timeout reaps its child before rejecting (519.873334ms)
✔ a running sibling kernel does not block the web supervisor (105.366125ms)
✔ excess startup output stays bounded and the child is reaped (106.759541ms)
ℹ tests 21
ℹ suites 0
ℹ pass 21
ℹ fail 0
ℹ cancelled 0
ℹ skipped 0
ℹ todo 0
ℹ duration_ms 788.480917
B0 contract verified; sha256=5d93c3aabf362865e8f24e28c96a8d1f75717c80370f31734407d85b128b9679; TypeScript checks passed
query contract verified; sha256=38b72d2728131084e8038a16f958e6d245aa035cfbcf44bb49d32cc28b6c2f17; TypeScript checks passed; not an HTTP API
query-run contract verified; sha256=390430dfc4b244df0c8b929719f8a1cc30e0c1a99c36793d63725f7f71e13f5a; TypeScript checks passed; store-only, not an HTTP API
saved-analysis contract verified; sha256=805ba7ead5de1b881b8550947063b63bddcf877b3264f7f6b15f10a6dac56c4d; TypeScript checks passed
cockpit contract verified; sha256=a7ff4611afdf98a0588b6d7f26fcf3573d5338fa95245ed0460e6fd76396efa8; TypeScript checks passed
first-purchase contract verified; sha256=f9fb8927bf11127d19c848d2683cdf4edcf66dde5b57f8c13c13d6c21a39ab66; TypeScript checks passed
first-purchase saved-analysis contract verified; sha256=f913d2a669597d8e493b0d85e86b34b411aa35d67ceb3a6bec6382ddcc837d40; TypeScript checks passed
first-purchase cockpit contract verified; sha256=512e5b41006202bb49d05021fc6f5dd84007fbe1713ac38545d3edac80e9db05; TypeScript checks passed
competition C0 contract verified; sha256=6d6558e894441d707417003ad9f92e4fc486c1c21c1b92a6d9bc1a24f5c5967f; contract_hash=97ee36833200b3a1626a4fa88e6b3bc9591bfb5f6bebc5e666aeabdcce13815a; TypeScript checks passed
Competition chart runtime contract check passed
Competition computed runtime contract check passed
........................................................................ [ 15%]
........................................................................ [ 30%]
........................................................................ [ 45%]
........................................................................ [ 60%]
........................................................................ [ 75%]
........................................................................ [ 90%]
................................................                         [100%]
480 passed, 20 warnings in 53.65s
/Users/hutou/Desktop/ai-engineering/历史项目/fuqin-date/.worktrees/competition-closeout/.context/reproduce-python/lib/python3.14/site-packages/_pytest/unraisableexception.py:67: PytestUnraisableExceptionWarning: Exception ignored while finalizing database connection <sqlite3.Connection object at 0x10b524130>: None

Traceback (most recent call last):
  File "/Users/hutou/Desktop/ai-engineering/历史项目/fuqin-date/.worktrees/competition-closeout/.context/reproduce-python/lib/python3.14/site-packages/_pytest/unraisableexception.py", line 33, in gc_collect_harder
    gc.collect()
    ~~~~~~~~~~^^
ResourceWarning: unclosed database in <sqlite3.Connection object at 0x10b524130>


  warnings.warn(pytest.PytestUnraisableExceptionWarning(msg))
All checks passed!
✔ asset error envelope never treats 500-class payloads as success (1.226625ms)
✔ HTTP dashboard decoder requires CONNECTED and keeps UNAVAILABLE cards without facts (1.117041ms)
✔ analysis list decoder reads items envelope (0.189625ms)
✔ add intent key includes board version so a later add is a new idempotency digest (0.141959ms)
✔ dashboardContainsAnalysis reads analysis_ref without treating UNAVAILABLE facts as success (0.125375ms)
✔ assetRequest is same-origin, never sends bearer, and keeps parse failures as null payload (0.401209ms)
✔ probeAssetHttp requires CONNECTED cockpit and fails closed on transport errors (0.28425ms)
✔ formatCard ok path joins channels and keeps a default title without facts leakage on null cards (0.186417ms)
✔ decode helpers fail closed on empty codes, truncated messages, and incomplete dashboards (0.133125ms)
✔ cockpit decodes SNAPSHOT facts without a session and does not recompute ratios (1.08ms)
✔ one broken card is isolated from the other card (0.124292ms)
✔ finite mock AI preview highlights only the target card and does not persist (1.019834ms)
✔ keyboard bindings match add/copy/remove and are documented constants (0.165125ms)
✔ B0 25% fixture and extra fields are rejected without poisoning other cards (0.128ms)
✔ empty cockpit and unauthorized views do not require a live session or model (0.109083ms)
✔ view source is a sessionless renderer and does not compute business metrics (0.381917ms)
✔ builds first-purchase cockpit board from SNAPSHOT cards (0.537167ms)
✔ view source exports FirstPurchaseCockpitView and stays NOT_CONNECTED (0.321625ms)
✔ decodeFirstPurchaseRequest accepts registered request and rejects owner/scope (0.453125ms)
✔ decodeFirstPurchaseReceipt requires complete filters and ratio consistency (0.377666ms)
✔ empty mature denominator stays null (0.095958ms)
✔ decodeFirstPurchaseReceipt maps REJECTED without conversion fields (0.079959ms)
✔ in-flight receipt is accepted without a result (0.048417ms)
✔ receiptMatchesRequest binds request_id call_id and query window (0.088292ms)
✔ save binding is run-id only (0.302333ms)
✔ overflow stream is cancelled (10.341458ms)
✔ decodes first-purchase SNAPSHOT and rejects channel/B0 (1.113875ms)
✔ save panel stays disabled without SUCCEEDED (0.056083ms)
✔ view source exports FirstPurchaseSavedAnalysisView and stays NOT_CONNECTED (0.278792ms)
✔ selection requires ready and exact matching Host ids plus byId entry (0.769792ms)
✔ pending and unrelated ready lists do not select; arriving exact primary selects once (0.787958ms)
✔ already restored exact primary consumes the initial choice without another open (0.180667ms)
✔ unmount while pending prevents later selection (0.805625ms)
✔ query pair selects the first registered session once; later user switch is kept (0.118292ms)
✔ open failure is reported once, never retried or replaced with another session (0.076625ms)
✔ fixture has internally consistent synthetic counts and round-trips through presentation metadata (0.589709ms)
✔ unknown, partial, extra, or altered metadata never becomes a successful card (0.060333ms)
✔ preview does not apply; apply changes only a UI title after explicit preview (0.369916ms)
✔ editing after preview invalidates it; stale revision also cannot apply (0.158083ms)
✔ titles are bounded; plain text remains plain text without an HTML execution path (0.075083ms)
✔ refresh restore persists only the title, never synthetic facts or business identity (0.078834ms)
✔ corrupt or future preferences fall back safely (0.061375ms)
✔ tool supports only the fixed query and honors cancellation (0.146458ms)
✔ native journal turn/end without actual exit cannot finish a run (0.460292ms)
✔ second question and old late result remain correlated to their own turn (0.343833ms)
✔ discarded pending prompt needs native idle before cancellation proof (0.069417ms)
✔ missing or ambiguous request never manufactures completion (1.467958ms)
✔ official interrupted-tail repair is failure only after the resumed driver is idle and durable (0.119333ms)
✔ plugin chrome uses native DSH tokens and does not paint Vue 44px rectangles (0.403709ms)
✔ plugin registers additive business keys and does not occupy native tool names (0.120334ms)
✔ cancel copy is safe and does not claim CANCELLED (0.326334ms)
✔ classifyCancelOutcome reads HTTP and RPC envelope without exposing server text (0.091542ms)
✔ valid receipt is ok and may show facts (0.940625ms)
✔ unknown version and malformed receipts never allow channel facts (0.221458ms)
✔ tool-error and running blocks keep the existing copy and hide numbers (0.066334ms)
✔ cancel A does not rewrite peer B; SUCCEEDED survives a later cancel (0.083542ms)
✔ released worker and refresh inventory stay exact (0.059833ms)
✔ historical three supervisor exits stay UNKNOWN and are not closed by EPIPE (4.327459ms)
✔ fail-card markers never include channel facts (0.161166ms)
✔ raw 0-1 ratios become percents; null stays an explicit placeholder (0.645416ms)
✔ integer fen become yuan; null stays an explicit placeholder (0.081333ms)
✔ empty mature reason keeps a Chinese meaning and the machine code (0.358084ms)
✔ valid request and receipt decode (0.702959ms)
✔ SQL extra field unknown version and unknown schema are rejected (0.058959ms)
✔ illegal numbers and null shapes do not decode (0.516041ms)
✔ query package is a second frozen family and does not change B0 digest (1.642291ms)
✔ refresh only GETs authenticated context and exact run snapshot, never resubmits (15.584542ms)
✔ foreign-session and foreign-run responses are not rendered (0.435875ms)
✔ permission loss is explicit and no fallback data source or write is tried (0.124791ms)
✔ query run schema is accepted and switching session hides the other view immediately (0.197667ms)
✔ saved analysis decodes without a session and does not recompute ratios (0.954292ms)
✔ refresh candidate is not treated as the pinned SNAPSHOT (0.270459ms)
✔ B0 25% fixture and extra fields are rejected (0.227042ms)
✔ unauthorized view does not require a live session or model (0.112625ms)
✔ empty list offers start-analysis and save panel disables incomplete runs (0.152917ms)
✔ list items stay SNAPSHOT and HTTP remains disconnected (0.183958ms)
✔ view source is a sessionless renderer and does not compute business metrics (0.464333ms)
✔ entire B0 package binds method, reference and example without numeric evidence (0.504625ms)
✔ live package is an immutable snapshot independent of later source mutations (0.242625ms)
✔ resource key denies ../SKILL.md (0.283083ms)
✔ resource key denies /etc/passwd (0.087042ms)
✔ resource key denies https://example.com/private (0.081291ms)
✔ resource key denies references/../SKILL.md (0.062458ms)
✔ resource key denies references/%2e%2e/SKILL.md (0.064625ms)
✔ resource key denies assets\result-example.json (0.062292ms)
✔ resource key denies SKILL.md (0.073458ms)
✔ resource key denies * (0.107833ms)
✔ resource key denies scripts/run.sh (0.073542ms)
✔ resource key denies __proto__ (0.070375ms)
✔ changed bytes denied for SKILL.md (0.251666ms)
✔ changed bytes denied for assets/result-example.json (0.079833ms)
✔ changed bytes denied for references/evidence-policy.md (0.0775ms)
✔ manifest changes change the package identity; omitted files and oversized content fail closed (0.271625ms)
✔ unregistered file cannot silently join the packaged closure (30.358125ms)
✔ build-time rejects file-symlink (32.197916ms)
✔ build-time rejects directory-symlink (16.782541ms)
✔ build-time rejects root-symlink (16.990375ms)
✔ build-time rejects hard-link (18.883375ms)
✔ build-time rejects script-directory (7.561125ms)
✔ build-time rejects reference-drift (8.329166ms)
✔ asset routes are an exact method/path whitelist (0.606667ms)
✔ browser must not send backend bearer, session fence, or duplicate version headers (0.074583ms)
✔ a real closed stderr consumer is reported once and the supervisor remains alive (138.23175ms)
✔ unexpected synchronous and asynchronous stream errors are not swallowed (0.313917ms)
✔ synchronous EPIPE disables subsequent writes and repeated events remain bounded (0.091084ms)
✔ metadata exact empty arguments: session/modelCatalog (1.455042ms)
✔ metadata exact empty arguments: agentPresets/list (0.850375ms)
✔ metadata exact empty arguments: settings/describe (0.087458ms)
✔ metadata exact empty arguments: session/canOpenWorkspacePath (0.076875ms)
✔ metadata exact empty arguments: settings/canOpenAgentPresetDirectory (0.073042ms)
✔ native session/list accepts only its real _request empty object (0.106625ms)
✔ prompt is same-session text-only queue, bounded and single-flight (0.365958ms)
✔ page and cancel reject another session, subagents, extras and unbounded pages (0.226666ms)
✔ default deny HTTP session/create (0.091792ms)
✔ default deny HTTP session/selectModel (0.126666ms)
✔ default deny HTTP session/fork (0.058625ms)
✔ default deny HTTP session/rename (0.045542ms)
✔ default deny HTTP session/search (0.035375ms)
✔ default deny HTTP session/attachment (0.032667ms)
✔ default deny HTTP session/openWorkspacePath (0.029875ms)
✔ default deny HTTP session/updateQueue (0.061333ms)
✔ default deny HTTP agentPresets/select (0.056333ms)
✔ default deny HTTP agentPresets/copy (0.040708ms)
✔ default deny HTTP agentPresets/read (0.036125ms)
✔ default deny HTTP agentPresets/deletePreset (0.034459ms)
✔ default deny HTTP workspace/create (0.050458ms)
✔ default deny HTTP workspace/delete (0.052584ms)
✔ default deny HTTP directoryPicker/list (0.036167ms)
✔ default deny HTTP directoryPicker/pick (0.033125ms)
✔ default deny HTTP directoryPicker/createDirectory (0.032334ms)
✔ default deny HTTP settings/update (0.030041ms)
✔ default deny HTTP settings/mutate (0.029792ms)
✔ default deny HTTP settings/replace (0.0305ms)
✔ default deny HTTP settings/openSettingsDocument (0.047417ms)
✔ default deny HTTP credentials/describe (0.031041ms)
✔ default deny HTTP credentials/set (0.042792ms)
✔ default deny HTTP commands/execute (0.029792ms)
✔ default deny HTTP $events/result (0.039625ms)
✔ default deny HTTP plugins/list (0.03025ms)
✔ default deny HTTP session/%70rompt (0.040208ms)
✔ default deny HTTP /api/session/prompt (0.046ms)
✔ default deny HTTP future/endpoint (0.035625ms)
✔ actor scope is server-owned and fails closed on mismatch (0.5665ms)
✔ all RemoteFetch variants are denied (0.107167ms)
✔ WS admits only four declared streams and exact payloads (0.213291ms)
✔ WS multiplex ID cannot be reopened across endpoints or after cancellation (0.105042ms)
✔ HTTP session list strips foreign rows and unknown fields (0.273917ms)
✔ preset roster is fixed, read-only and has no source paths (0.120583ms)
✔ settings.describe exports only explicit UI namespaces, no base/user/secrets (0.697333ms)
✔ model metadata keeps only the configured default route, no diagnostics or extra fields (0.114167ms)
✔ events bootstrap does not reveal HOME or forward waterfall/global events (0.113833ms)
✔ control baseline and increments cannot leak sibling sessions (0.102334ms)
✔ workspace stream filters roots, memberships and archived/order identifiers (0.122042ms)
✔ follow snapshots reject other session headers; durable/event data remains scoped (0.228542ms)
✔ HTTP page drops foreign structured data and does not mutate inputs (0.048833ms)
✔ malformed/null and prototype-pollution payloads fail closed (0.042709ms)
✔ two-session allowlist admits A and B HTTP/stream and rejects a third session (0.107834ms)
✔ two-session list and workspace keep A+B and drop a third identity (0.082167ms)
✔ A follow stream drops B frames; B follow keeps B and drops A (0.075375ms)
✔ cancel target is the requested registered session, not a sibling or third (0.06175ms)
✔ passive heartbeat does not keep a normal child alive; exit code is retained (45.071416ms)
✔ uncaught exception is observed without preventing default process failure (34.691666ms)
✔ unhandled rejection is observed without preventing default process failure (28.077708ms)
✔ SIGTERM is not intercepted or falsely reported as clean exit (24.778209ms)
✔ SIGKILL is not intercepted or falsely reported as clean exit (25.803209ms)
✔ metadata allowlist omits raw messages, arbitrary strings, paths and secrets (1.066333ms)
✔ bounded evidence reserves fatal and exit events after ordinary event cap (2.19175ms)
✔ existing evidence and symlink targets are not overwritten (0.889959ms)
✔ fixture namespaces only request-scoped tool identity, keeping arguments and facts unchanged (0.781417ms)
✔ official mock wire uses distinct native IDs and observes actual client closure (54.853625ms)
✔ finite multi-tool script configures official producers and refuses exhaustion (8.614458ms)
✔ native-query-assets is an explicit opt-in and does not replace native-query (3.368833ms)
✔ query-only kernel config in serve does not grant asset capabilities by default (0.703042ms)
✔ gateway asset map is not a generic /api proxy (1.669167ms)
✔ assets smoke drives real save/join controls and does not swallow failures (1.451709ms)
✔ HTTP overlay does not fetch the mock provider loopback (0.728958ms)
✔ fault entry is independent of the normal native-query scenario (0.634833ms)
✔ fault mock binds A restore N=30 then a later B N=60 turn, not a second call in the success turn (0.271917ms)
✔ visible cancel parsers prefer the query card button; Stop generating is observed not auto-clicked (3.770375ms)
✔ SQL hold proof requires RUNNING worker and matching execution, not QUEUED (0.119625ms)
✔ serve opt-in keeps --native-query on analytics_runtime and attaches the query probe only for --native-query-fault (0.568333ms)
✔ native-query is two distinct prompts on two registered sessions (0.605708ms)
✔ finite mock is two query calls plus two wrap-ups with N30 then N60, no slow chunks (0.1485ms)
✔ query request matches the G4a FIXED window and empty channel_ids (0.179333ms)
✔ composer ready still gates the next send (0.117458ms)
✔ session switch plan uses unique other blank or visible title, never raw session ids (0.172416ms)
✔ snapshot parsers match New session / treeitem titles and ignore raw session ids (0.19225ms)
✔ visible card wait requires exact session and rejects the other N (0.094667ms)
✔ serve opt-in keeps production kernel for native-query and does not enable the probe (2.532625ms)
✔ native-state questions are four distinct prompts and do not infer running from success (0.528ms)
✔ release path is bound to the current execution id and rejects traversal (4.014792ms)
✔ running proof requires the actual tool card text, not a generic task RUNNING status (0.205042ms)
✔ error path releases the current hold without sending another prompt (1.924375ms)
✔ next prompt requires native turn settlement and composer, not backend terminal alone (0.27825ms)
✔ summarizer turn-end plus durable tool result gates the scheduler, not a fixed sleep (0.252375ms)
✔ serve opt-in keeps production kernel default and uses the test-only module only for native-state (0.571333ms)
✔ nested upstream pnpm resolves through project-local Corepack with sanitized PATH (246.974791ms)
✔ each operation checks current authority, including after successful authentication (0.761958ms)
✔ authority errors and malformed positive values fail closed (0.676333ms)
✔ bounded queue cannot execute after overflow even if a prior grant later succeeds (0.225084ms)
✔ stream operations retain order and recheck between queued messages (6.327167ms)
✔ idle established streams are closed after revocation without a new message (5.6045ms)
✔ explicit disposal prevents late checks from delivering content (0.207958ms)
✔ ready URL is found only after the full newline, at every chunk split (0.97125ms)
✔ launch lookup rejects foreign origins, duplicate/invalid token and fragments (0.148708ms)
✔ complete log redacts both launch secrets and truncated token tails (0.055916ms)
✔ manifest preserves exact published query URLs and HTML ampersands (0.975375ms)
✔ manifest rejects external, credentials, fragments and non-published URL forms (0.802375ms)
✔ boot graph is parsed as JSON, never executed as JavaScript (0.073792ms)
✔ owned Host restart refreshes exact per-boot URLs while preserving modules and content batches (0.262792ms)
✔ Host restart cannot extend allowlist through new-module (0.12575ms)
✔ Host restart cannot extend allowlist through missing-module (0.07225ms)
✔ Host restart cannot extend allowlist through changed-batch (0.096125ms)
✔ Host restart cannot extend allowlist through missing-batch (0.06375ms)
✔ Host restart cannot extend allowlist through extra-query (0.061667ms)
✔ Host restart cannot extend allowlist through mixed-nonce (0.047166ms)
✔ Host restart cannot extend allowlist through wrong-index (0.039833ms)
✔ Host restart cannot extend allowlist through extra-script (0.062625ms)
✔ RPC errors never return upstream paths, credentials, headers or extra fields (0.102709ms)
✔ RPC success is projected through policy, dropping envelope and value extras (0.140292ms)
✔ unknown/mismatched RPC envelopes and rejected outputs fail closed (0.67575ms)
✔ original logo and cropped favicon match the approved bytes (5.233291ms)
✔ complete condition envelope survives transport with empty, false and null preserved (0.223875ms)
✔ sample reference rejects old filters, snapshots, duplicated refs and arbitrary return URLs (0.054ms)
✔ isolated specimen has no executable script, old router or dynamic destination (1.2715ms)
ℹ tests 225
ℹ suites 0
ℹ pass 225
ℹ fail 0
ℹ cancelled 0
ℹ skipped 0
ℹ todo 0
ℹ duration_ms 523.996417
B0 host full typecheck passed
B0 client full typecheck passed

  dsh-plugins/analytics-workbench/lib/skills.js      47.8kb
  dsh-plugins/analytics-workbench/lib/tool.js        32.7kb
  dsh-plugins/analytics-workbench/lib/index.js       26.4kb
  dsh-plugins/analytics-workbench/lib/skills.js.map  76.8kb
  dsh-plugins/analytics-workbench/lib/tool.js.map    72.8kb
  dsh-plugins/analytics-workbench/lib/index.js.map   48.4kb

⚡ Done in 14ms

  dsh-plugins/analytics-workbench/lib/client.js      573.7kb
  dsh-plugins/analytics-workbench/lib/client.js.map    2.2mb

⚡ Done in 110ms

  dsh-plugins/analytics-workbench/lib/views/cockpit-view.js            512.5kb
  ...ins/analytics-workbench/lib/views/first-purchase-cockpit-view.js   50.4kb
  dsh-plugins/analytics-workbench/lib/views/saved-analysis-view.js      32.8kb
  ...lytics-workbench/lib/views/first-purchase-saved-analysis-view.js   25.7kb
  dsh-plugins/analytics-workbench/lib/views/cockpit-view.js.map          2.1mb
  ...analytics-workbench/lib/views/first-purchase-cockpit-view.js.map   98.2kb
  ...plugins/analytics-workbench/lib/views/saved-analysis-view.js.map   73.2kb
  ...cs-workbench/lib/views/first-purchase-saved-analysis-view.js.map   48.1kb

⚡ Done in 82ms
B0 plugin built. Host entry: file:///Users/hutou/Desktop/ai-engineering/%E5%8E%86%E5%8F%B2%E9%A1%B9%E7%9B%AE/fuqin-date/.worktrees/competition-visual-readiness/dsh-plugins/analytics-workbench/lib/index.js
✔ native resolved mode updates the existing dialog and inherited competition controls (225.510667ms)
✔ RoutedOverlay stays on the B0 stub until CONNECTED cockpit probe succeeds (45.653208ms)
✔ dirty overlay close asks to discard and does not keep the preview after discard (90.823458ms)
✔ stale preview response is ignored after a newer refresh generation (87.055667ms)
✔ HTTP overlay and mock overlay share the native dialog Tab trap (0.189083ms)
✔ closed connection details remain keyboard reachable without exposing hidden controls (26.498625ms)
✔ configured competition opens its board directly and loads B0 only on explicit navigation (79.096042ms)
✔ footer open remounts overlay after close on the same page (74.696ms)
✔ layout drag commits on pointerup and does not preview on pointermove (56.415583ms)
✔ undoBoard is a no-op when the saved board has no prior version (41.48975ms)
✔ undoBoard previews restore_from_version against the current board etag (41.051083ms)
✔ analyses panel add previews analysis_ref then save posts the add intent key (77.630458ms)
✔ addAnalysis creates the owner board before previewing add when none exists (54.064458ms)
✔ preview 409 re-reads and does not keep a stale pending op (63.178334ms)
✔ save 409 re-reads and does not keep the pending preview (66.166375ms)
✔ save 201 then dashboard 4xx/409 does not POST a second analysis (84.977833ms)
✔ two overlay instances keep preview save undo on their own dashboard_id (119.253333ms)
✔ analyses panel sets data-panel=analyses, omits undo, and does not claim overlay hung (37.496458ms)
✔ built Host root requires isolated capabilities; tool fails closed without native context (27.15ms)
✔ built browser factory requires only platform modules and registers shared-root entries (67.788958ms)
✔ compiled first-purchase card covers states without skipping the renderer (99.037834ms)
✔ one package entry registers competition tools only for explicitly connected native UI (33.220084ms)
✔ built package root and per-agent tool load through real Cordis include and dispose (30.30125ms)
✔ query-family Cordis loader registers query tool and two-session health (9.245125ms)
✔ ordinary native chat has no synthetic run status; registered B0 still has its status (66.328542ms)
✔ apply registers business slots; dispose removes them without touching native keys (7.667667ms)
✔ a second apply on the same fake ctx duplicates registrations; Host must not double-insert the plugin (5.539041ms)
Warning: The current testing environment is not configured to support act(...)
Warning: The current testing environment is not configured to support act(...)
Warning: The current testing environment is not configured to support act(...)
Warning: The current testing environment is not configured to support act(...)
Warning: The current testing environment is not configured to support act(...)
Warning: The current testing environment is not configured to support act(...)
Warning: The current testing environment is not configured to support act(...)
Warning: The current testing environment is not configured to support act(...)
Warning: The current testing environment is not configured to support act(...)
Warning: The current testing environment is not configured to support act(...)
Warning: The current testing environment is not configured to support act(...)
Warning: The current testing environment is not configured to support act(...)
Warning: The current testing environment is not configured to support act(...)
Warning: The current testing environment is not configured to support act(...)
Warning: The current testing environment is not configured to support act(...)
Warning: The current testing environment is not configured to support act(...)
Warning: The current testing environment is not configured to support act(...)
Warning: The current testing environment is not configured to support act(...)
Warning: The current testing environment is not configured to support act(...)
Warning: The current testing environment is not configured to support act(...)
Warning: The current testing environment is not configured to support act(...)
Warning: The current testing environment is not configured to support act(...)
Warning: The current testing environment is not configured to support act(...)
Warning: The current testing environment is not configured to support act(...)
Warning: The current testing environment is not configured to support act(...)
Warning: The current testing environment is not configured to support act(...)
Warning: The current testing environment is not configured to support act(...)
Warning: The current testing environment is not configured to support act(...)
Warning: The current testing environment is not configured to support act(...)
Warning: The current testing environment is not configured to support act(...)
Warning: The current testing environment is not configured to support act(...)
Warning: The current testing environment is not configured to support act(...)
Warning: The current testing environment is not configured to support act(...)
Warning: The current testing environment is not configured to support act(...)
Warning: The current testing environment is not configured to support act(...)
✔ compiled cancel click surfaces HTTP/RPC/network outcomes and suppresses unhandledRejection (371.022208ms)
Warning: The current testing environment is not configured to support act(...)
Warning: The current testing environment is not configured to support act(...)
Warning: The current testing environment is not configured to support act(...)
Warning: The current testing environment is not configured to support act(...)
✔ duplicate click while submitting does not open a second request (40.142917ms)
Warning: The current testing environment is not configured to support act(...)
Warning: The current testing environment is not configured to support act(...)
Warning: The current testing environment is not configured to support act(...)
    at oh (evalmachine.<anonymous>:202:16862)
Warning: The current testing environment is not configured to support act(...)
✔ late cancel response does not paint a later call card (30.739667ms)
✔ query-card source keeps existing fault copy and stamps data-query-fault (0.681ms)
✔ unknown version, extra fields, and tool errors classify without leaking channel facts (0.418791ms)
✔ compiled query fault cards hide channel digits when lib/client.js is present (83.631791ms)
✔ save then join creates an owner board and posts add with board-version key (118.035ms)
✔ save surfaces contract errors and malformed payloads without treating them as saved (65.35375ms)
✔ join keeps the analysis saved when listing the board fails (51.387625ms)
✔ save 201 then dashboard 4xx/409 does not POST a second analysis; join retries joinAttempt only (144.58875ms)
✔ duplicate save click while posting does not open a second request (50.616834ms)
✔ query-family Cordis skills register immutable method and deny unknown skill name (28.011625ms)
✔ compiled saved analysis renders without a session and preserves unavailable/denied states (2.909834ms)
✔ compiled cockpit renders without a session and preserves unavailable/denied states (1.105375ms)
✔ native filesystem provider excludes synthetic personal/project roots and an explicit empty bundled root (12.168416ms)
✔ native skill loading and real compaction preserve fresh backend authority and deny revoked reads (26.41225ms)
✔ compiled React tool card DOM: running (0.661292ms)
✔ compiled React tool card DOM: success (0.243833ms)
✔ compiled React tool card DOM: tool-error (0.118167ms)
✔ compiled React tool card DOM: unknown-version (0.088583ms)
✔ compiled React tool card DOM: missing-meta (0.075958ms)
✔ compiled React tool card DOM: extra-meta (0.070875ms)
✔ compiled React tool card DOM: changed-facts (0.067958ms)
✔ compiled React tool card DOM: error-with-meta (0.085417ms)
✔ compiled React query tool card DOM: query-running (0.376125ms)
✔ compiled React query tool card DOM: query-success (0.687042ms)
✔ compiled React query tool card DOM: query-null (0.192708ms)
✔ compiled React query tool card DOM: query-failed (0.077083ms)
✔ compiled React query tool card DOM: query-unknown (0.086084ms)
✔ query card stylesheet uses native DSH body token and does not keep the 13px body size (0.058125ms)
✔ compiled plugin owns B0 and query tool keys, preserving other native card registrations (0.307083ms)
ℹ tests 58
ℹ suites 0
ℹ pass 58
ℹ fail 0
ℹ cancelled 0
ℹ skipped 0
ℹ todo 0
ℹ duration_ms 1777.007292
✔ brand surface sets DESIGN title and replaces upstream greeting (0.48275ms)
✔ embedded audience fixtures match frozen C0 JSON (9.555125ms)
✔ candidate decode requires unique_count to equal deduped keys and auto_send false (0.3645ms)
✔ AND success, OR partial, zero audience, copy-only vs rule expiry, 409 (0.641291ms)
✔ actions UI source covers AND/OR, zero, explanations, draft expiry and no auto send (1.691666ms)
✔ remount retry retains intent; success and different actor start new intents (2.383792ms)
✔ compiled board renders persisted computed GSV and data-driven chart preferences after reopen (594.275708ms)
✔ compiled board reports disconnected service and a failed saved-board read instead of an empty success (51.208167ms)
✔ T04 compiled DOM preserves GSV 0.25 and formats only the raw ratio as 25% (52.976041ms)
Warning: An update to zd inside a test was not wrapped in act(...).

When testing, code that causes React state updates should be wrapped into act(...):

act(() => {
  /* fire events that update state */
});
/* assert on the output */

This ensures that you're testing the behavior the user would see in the browser. Learn more at https://reactjs.org/link/wrap-tests-with-act
    at zd (file:///Users/hutou/Desktop/ai-engineering/%E5%8E%86%E5%8F%B2%E9%A1%B9%E7%9B%AE/fuqin-date/.worktrees/competition-visual-readiness/dsh-plugins/analytics-workbench/lib/views/cockpit-view.js:993:4991)
    at kce (file:///Users/hutou/Desktop/ai-engineering/%E5%8E%86%E5%8F%B2%E9%A1%B9%E7%9B%AE/fuqin-date/.worktrees/competition-visual-readiness/dsh-plugins/analytics-workbench/lib/views/cockpit-view.js:993:45718)
Warning: An update to zd inside a test was not wrapped in act(...).

When testing, code that causes React state updates should be wrapped into act(...):

act(() => {
  /* fire events that update state */
});
/* assert on the output */

This ensures that you're testing the behavior the user would see in the browser. Learn more at https://reactjs.org/link/wrap-tests-with-act
    at zd (file:///Users/hutou/Desktop/ai-engineering/%E5%8E%86%E5%8F%B2%E9%A1%B9%E7%9B%AE/fuqin-date/.worktrees/competition-visual-readiness/dsh-plugins/analytics-workbench/lib/views/cockpit-view.js:993:4991)
    at kce (file:///Users/hutou/Desktop/ai-engineering/%E5%8E%86%E5%8F%B2%E9%A1%B9%E7%9B%AE/fuqin-date/.worktrees/competition-visual-readiness/dsh-plugins/analytics-workbench/lib/views/cockpit-view.js:993:45718)
✔ chart preference enables save and survives component reopen, bound to the changed block (917.467209ms)
✔ compiled B0 cockpit view still renders empty/denied without competition surface (1.792334ms)
✔ compiled competition board surface explains manual editing without claiming native model unavailable (8.027916ms)
✔ compiled actions surface shows zero-copy and no auto send (1.361125ms)
Warning: An update to Root inside a test was not wrapped in act(...).

When testing, code that causes React state updates should be wrapped into act(...):

act(() => {
  /* fire events that update state */
});
/* assert on the output */

This ensures that you're testing the behavior the user would see in the browser. Learn more at https://reactjs.org/link/wrap-tests-with-act
Warning: An update to Kd inside a test was not wrapped in act(...).

When testing, code that causes React state updates should be wrapped into act(...):

act(() => {
  /* fire events that update state */
});
/* assert on the output */

This ensures that you're testing the behavior the user would see in the browser. Learn more at https://reactjs.org/link/wrap-tests-with-act
    at Kd (file:///Users/hutou/Desktop/ai-engineering/%E5%8E%86%E5%8F%B2%E9%A1%B9%E7%9B%AE/fuqin-date/.worktrees/competition-visual-readiness/dsh-plugins/analytics-workbench/lib/views/cockpit-view.js:993:37940)
    at kce (file:///Users/hutou/Desktop/ai-engineering/%E5%8E%86%E5%8F%B2%E9%A1%B9%E7%9B%AE/fuqin-date/.worktrees/competition-visual-readiness/dsh-plugins/analytics-workbench/lib/views/cockpit-view.js:993:45718)
Warning: An update to Kd inside a test was not wrapped in act(...).

When testing, code that causes React state updates should be wrapped into act(...):

act(() => {
  /* fire events that update state */
});
/* assert on the output */

This ensures that you're testing the behavior the user would see in the browser. Learn more at https://reactjs.org/link/wrap-tests-with-act
    at Kd (file:///Users/hutou/Desktop/ai-engineering/%E5%8E%86%E5%8F%B2%E9%A1%B9%E7%9B%AE/fuqin-date/.worktrees/competition-visual-readiness/dsh-plugins/analytics-workbench/lib/views/cockpit-view.js:993:37940)
    at kce (file:///Users/hutou/Desktop/ai-engineering/%E5%8E%86%E5%8F%B2%E9%A1%B9%E7%9B%AE/fuqin-date/.worktrees/competition-visual-readiness/dsh-plugins/analytics-workbench/lib/views/cockpit-view.js:993:45718)
✔ board DOM: endorse COMPLETE, reject empty, preview layout on pointerup not pointermove, 409 keeps draft (106.130084ms)
Warning: An update to Root inside a test was not wrapped in act(...).

When testing, code that causes React state updates should be wrapped into act(...):

act(() => {
  /* fire events that update state */
});
/* assert on the output */

This ensures that you're testing the behavior the user would see in the browser. Learn more at https://reactjs.org/link/wrap-tests-with-act
Warning: An update to zd inside a test was not wrapped in act(...).

When testing, code that causes React state updates should be wrapped into act(...):

act(() => {
  /* fire events that update state */
});
/* assert on the output */

This ensures that you're testing the behavior the user would see in the browser. Learn more at https://reactjs.org/link/wrap-tests-with-act
    at zd (file:///Users/hutou/Desktop/ai-engineering/%E5%8E%86%E5%8F%B2%E9%A1%B9%E7%9B%AE/fuqin-date/.worktrees/competition-visual-readiness/dsh-plugins/analytics-workbench/lib/views/cockpit-view.js:993:4991)
    at kce (file:///Users/hutou/Desktop/ai-engineering/%E5%8E%86%E5%8F%B2%E9%A1%B9%E7%9B%AE/fuqin-date/.worktrees/competition-visual-readiness/dsh-plugins/analytics-workbench/lib/views/cockpit-view.js:993:45718)
Warning: An update to zd inside a test was not wrapped in act(...).

When testing, code that causes React state updates should be wrapped into act(...):

act(() => {
  /* fire events that update state */
});
/* assert on the output */

This ensures that you're testing the behavior the user would see in the browser. Learn more at https://reactjs.org/link/wrap-tests-with-act
    at zd (file:///Users/hutou/Desktop/ai-engineering/%E5%8E%86%E5%8F%B2%E9%A1%B9%E7%9B%AE/fuqin-date/.worktrees/competition-visual-readiness/dsh-plugins/analytics-workbench/lib/views/cockpit-view.js:993:4991)
    at kce (file:///Users/hutou/Desktop/ai-engineering/%E5%8E%86%E5%8F%B2%E9%A1%B9%E7%9B%AE/fuqin-date/.worktrees/competition-visual-readiness/dsh-plugins/analytics-workbench/lib/views/cockpit-view.js:993:45718)
✔ actions DOM: AND count, zero audience, copy-only vs expired draft (155.806709ms)
Warning: An update to Root inside a test was not wrapped in act(...).

When testing, code that causes React state updates should be wrapped into act(...):

act(() => {
  /* fire events that update state */
});
/* assert on the output */

This ensures that you're testing the behavior the user would see in the browser. Learn more at https://reactjs.org/link/wrap-tests-with-act
Warning: An update to zd inside a test was not wrapped in act(...).

When testing, code that causes React state updates should be wrapped into act(...):

act(() => {
  /* fire events that update state */
});
/* assert on the output */

This ensures that you're testing the behavior the user would see in the browser. Learn more at https://reactjs.org/link/wrap-tests-with-act
    at zd (file:///Users/hutou/Desktop/ai-engineering/%E5%8E%86%E5%8F%B2%E9%A1%B9%E7%9B%AE/fuqin-date/.worktrees/competition-visual-readiness/dsh-plugins/analytics-workbench/lib/views/cockpit-view.js:993:4991)
    at kce (file:///Users/hutou/Desktop/ai-engineering/%E5%8E%86%E5%8F%B2%E9%A1%B9%E7%9B%AE/fuqin-date/.worktrees/competition-visual-readiness/dsh-plugins/analytics-workbench/lib/views/cockpit-view.js:993:45718)
Warning: An update to zd inside a test was not wrapped in act(...).

When testing, code that causes React state updates should be wrapped into act(...):

act(() => {
  /* fire events that update state */
});
/* assert on the output */

This ensures that you're testing the behavior the user would see in the browser. Learn more at https://reactjs.org/link/wrap-tests-with-act
    at zd (file:///Users/hutou/Desktop/ai-engineering/%E5%8E%86%E5%8F%B2%E9%A1%B9%E7%9B%AE/fuqin-date/.worktrees/competition-visual-readiness/dsh-plugins/analytics-workbench/lib/views/cockpit-view.js:993:4991)
    at kce (file:///Users/hutou/Desktop/ai-engineering/%E5%8E%86%E5%8F%B2%E9%A1%B9%E7%9B%AE/fuqin-date/.worktrees/competition-visual-readiness/dsh-plugins/analytics-workbench/lib/views/cockpit-view.js:993:45718)
✔ HTTP-shaped sparse result: confirm panel does not throw, 行数 is not undefined (71.207ms)
Warning: An update to Root inside a test was not wrapped in act(...).

When testing, code that causes React state updates should be wrapped into act(...):

act(() => {
  /* fire events that update state */
});
/* assert on the output */

This ensures that you're testing the behavior the user would see in the browser. Learn more at https://reactjs.org/link/wrap-tests-with-act
✔ failed 成板 retry stays mounted and does not duplicate the board (136.370542ms)
✔ HTTP board reopens pinned result and layout; unavailable binding never substitutes list results (52.262875ms)
✔ HTTP create retries keep IDs, next selection creates a distinct board, preview does not write (106.95375ms)
✔ HTTP actions can create first draft, reopen with a new transport, then update same versioned draft (105.176375ms)
✔ saved-board picker loads each authorized board, preserves selection on reopen and locks unsaved edits (201.574083ms)
Warning: An update to zd inside a test was not wrapped in act(...).

When testing, code that causes React state updates should be wrapped into act(...):

act(() => {
  /* fire events that update state */
});
/* assert on the output */

This ensures that you're testing the behavior the user would see in the browser. Learn more at https://reactjs.org/link/wrap-tests-with-act
    at zd (file:///Users/hutou/Desktop/ai-engineering/%E5%8E%86%E5%8F%B2%E9%A1%B9%E7%9B%AE/fuqin-date/.worktrees/competition-visual-readiness/dsh-plugins/analytics-workbench/lib/views/cockpit-view.js?picker=denial:993:4991)
    at kce (file:///Users/hutou/Desktop/ai-engineering/%E5%8E%86%E5%8F%B2%E9%A1%B9%E7%9B%AE/fuqin-date/.worktrees/competition-visual-readiness/dsh-plugins/analytics-workbench/lib/views/cockpit-view.js?picker=denial:993:45718)
Warning: An update to zd inside a test was not wrapped in act(...).

When testing, code that causes React state updates should be wrapped into act(...):

act(() => {
  /* fire events that update state */
});
/* assert on the output */

This ensures that you're testing the behavior the user would see in the browser. Learn more at https://reactjs.org/link/wrap-tests-with-act
    at zd (file:///Users/hutou/Desktop/ai-engineering/%E5%8E%86%E5%8F%B2%E9%A1%B9%E7%9B%AE/fuqin-date/.worktrees/competition-visual-readiness/dsh-plugins/analytics-workbench/lib/views/cockpit-view.js?picker=denial:993:4991)
    at kce (file:///Users/hutou/Desktop/ai-engineering/%E5%8E%86%E5%8F%B2%E9%A1%B9%E7%9B%AE/fuqin-date/.worktrees/competition-visual-readiness/dsh-plugins/analytics-workbench/lib/views/cockpit-view.js?picker=denial:993:45718)
Warning: An update to zd inside a test was not wrapped in act(...).

When testing, code that causes React state updates should be wrapped into act(...):

act(() => {
  /* fire events that update state */
});
/* assert on the output */

This ensures that you're testing the behavior the user would see in the browser. Learn more at https://reactjs.org/link/wrap-tests-with-act
    at zd (file:///Users/hutou/Desktop/ai-engineering/%E5%8E%86%E5%8F%B2%E9%A1%B9%E7%9B%AE/fuqin-date/.worktrees/competition-visual-readiness/dsh-plugins/analytics-workbench/lib/views/cockpit-view.js?picker=denial:993:4991)
    at kce (file:///Users/hutou/Desktop/ai-engineering/%E5%8E%86%E5%8F%B2%E9%A1%B9%E7%9B%AE/fuqin-date/.worktrees/competition-visual-readiness/dsh-plugins/analytics-workbench/lib/views/cockpit-view.js?picker=denial:993:45718)
Warning: An update to zd inside a test was not wrapped in act(...).

When testing, code that causes React state updates should be wrapped into act(...):

act(() => {
  /* fire events that update state */
});
/* assert on the output */

This ensures that you're testing the behavior the user would see in the browser. Learn more at https://reactjs.org/link/wrap-tests-with-act
    at zd (file:///Users/hutou/Desktop/ai-engineering/%E5%8E%86%E5%8F%B2%E9%A1%B9%E7%9B%AE/fuqin-date/.worktrees/competition-visual-readiness/dsh-plugins/analytics-workbench/lib/views/cockpit-view.js?picker=denial:993:4991)
    at kce (file:///Users/hutou/Desktop/ai-engineering/%E5%8E%86%E5%8F%B2%E9%A1%B9%E7%9B%AE/fuqin-date/.worktrees/competition-visual-readiness/dsh-plugins/analytics-workbench/lib/views/cockpit-view.js?picker=denial:993:45718)
Warning: An update to zd inside a test was not wrapped in act(...).

When testing, code that causes React state updates should be wrapped into act(...):

act(() => {
  /* fire events that update state */
});
/* assert on the output */

This ensures that you're testing the behavior the user would see in the browser. Learn more at https://reactjs.org/link/wrap-tests-with-act
    at zd (file:///Users/hutou/Desktop/ai-engineering/%E5%8E%86%E5%8F%B2%E9%A1%B9%E7%9B%AE/fuqin-date/.worktrees/competition-visual-readiness/dsh-plugins/analytics-workbench/lib/views/cockpit-view.js?picker=denial:993:4991)
    at kce (file:///Users/hutou/Desktop/ai-engineering/%E5%8E%86%E5%8F%B2%E9%A1%B9%E7%9B%AE/fuqin-date/.worktrees/competition-visual-readiness/dsh-plugins/analytics-workbench/lib/views/cockpit-view.js?picker=denial:993:45718)
Warning: An update to zd inside a test was not wrapped in act(...).

When testing, code that causes React state updates should be wrapped into act(...):

act(() => {
  /* fire events that update state */
});
/* assert on the output */

This ensures that you're testing the behavior the user would see in the browser. Learn more at https://reactjs.org/link/wrap-tests-with-act
    at zd (file:///Users/hutou/Desktop/ai-engineering/%E5%8E%86%E5%8F%B2%E9%A1%B9%E7%9B%AE/fuqin-date/.worktrees/competition-visual-readiness/dsh-plugins/analytics-workbench/lib/views/cockpit-view.js?picker=denial:993:4991)
    at kce (file:///Users/hutou/Desktop/ai-engineering/%E5%8E%86%E5%8F%B2%E9%A1%B9%E7%9B%AE/fuqin-date/.worktrees/competition-visual-readiness/dsh-plugins/analytics-workbench/lib/views/cockpit-view.js?picker=denial:993:45718)
Warning: An update to zd inside a test was not wrapped in act(...).

When testing, code that causes React state updates should be wrapped into act(...):

act(() => {
  /* fire events that update state */
});
/* assert on the output */

This ensures that you're testing the behavior the user would see in the browser. Learn more at https://reactjs.org/link/wrap-tests-with-act
    at zd (file:///Users/hutou/Desktop/ai-engineering/%E5%8E%86%E5%8F%B2%E9%A1%B9%E7%9B%AE/fuqin-date/.worktrees/competition-visual-readiness/dsh-plugins/analytics-workbench/lib/views/cockpit-view.js?picker=denial:993:4991)
    at kce (file:///Users/hutou/Desktop/ai-engineering/%E5%8E%86%E5%8F%B2%E9%A1%B9%E7%9B%AE/fuqin-date/.worktrees/competition-visual-readiness/dsh-plugins/analytics-workbench/lib/views/cockpit-view.js?picker=denial:993:45718)
Warning: An update to zd inside a test was not wrapped in act(...).

When testing, code that causes React state updates should be wrapped into act(...):

act(() => {
  /* fire events that update state */
});
/* assert on the output */

This ensures that you're testing the behavior the user would see in the browser. Learn more at https://reactjs.org/link/wrap-tests-with-act
    at zd (file:///Users/hutou/Desktop/ai-engineering/%E5%8E%86%E5%8F%B2%E9%A1%B9%E7%9B%AE/fuqin-date/.worktrees/competition-visual-readiness/dsh-plugins/analytics-workbench/lib/views/cockpit-view.js?picker=denial:993:4991)
    at kce (file:///Users/hutou/Desktop/ai-engineering/%E5%8E%86%E5%8F%B2%E9%A1%B9%E7%9B%AE/fuqin-date/.worktrees/competition-visual-readiness/dsh-plugins/analytics-workbench/lib/views/cockpit-view.js?picker=denial:993:45718)
Warning: An update to zd inside a test was not wrapped in act(...).

When testing, code that causes React state updates should be wrapped into act(...):

act(() => {
  /* fire events that update state */
});
/* assert on the output */

This ensures that you're testing the behavior the user would see in the browser. Learn more at https://reactjs.org/link/wrap-tests-with-act
    at zd (file:///Users/hutou/Desktop/ai-engineering/%E5%8E%86%E5%8F%B2%E9%A1%B9%E7%9B%AE/fuqin-date/.worktrees/competition-visual-readiness/dsh-plugins/analytics-workbench/lib/views/cockpit-view.js?picker=denial:993:4991)
    at kce (file:///Users/hutou/Desktop/ai-engineering/%E5%8E%86%E5%8F%B2%E9%A1%B9%E7%9B%AE/fuqin-date/.worktrees/competition-visual-readiness/dsh-plugins/analytics-workbench/lib/views/cockpit-view.js?picker=denial:993:45718)
Warning: An update to zd inside a test was not wrapped in act(...).

When testing, code that causes React state updates should be wrapped into act(...):

act(() => {
  /* fire events that update state */
});
/* assert on the output */

This ensures that you're testing the behavior the user would see in the browser. Learn more at https://reactjs.org/link/wrap-tests-with-act
    at zd (file:///Users/hutou/Desktop/ai-engineering/%E5%8E%86%E5%8F%B2%E9%A1%B9%E7%9B%AE/fuqin-date/.worktrees/competition-visual-readiness/dsh-plugins/analytics-workbench/lib/views/cockpit-view.js?picker=denial:993:4991)
    at kce (file:///Users/hutou/Desktop/ai-engineering/%E5%8E%86%E5%8F%B2%E9%A1%B9%E7%9B%AE/fuqin-date/.worktrees/competition-visual-readiness/dsh-plugins/analytics-workbench/lib/views/cockpit-view.js?picker=denial:993:45718)
Warning: An update to zd inside a test was not wrapped in act(...).

When testing, code that causes React state updates should be wrapped into act(...):

act(() => {
  /* fire events that update state */
});
/* assert on the output */

This ensures that you're testing the behavior the user would see in the browser. Learn more at https://reactjs.org/link/wrap-tests-with-act
    at zd (file:///Users/hutou/Desktop/ai-engineering/%E5%8E%86%E5%8F%B2%E9%A1%B9%E7%9B%AE/fuqin-date/.worktrees/competition-visual-readiness/dsh-plugins/analytics-workbench/lib/views/cockpit-view.js?picker=denial:993:4991)
    at kce (file:///Users/hutou/Desktop/ai-engineering/%E5%8E%86%E5%8F%B2%E9%A1%B9%E7%9B%AE/fuqin-date/.worktrees/competition-visual-readiness/dsh-plugins/analytics-workbench/lib/views/cockpit-view.js?picker=denial:993:45718)
Warning: An update to zd inside a test was not wrapped in act(...).

When testing, code that causes React state updates should be wrapped into act(...):

act(() => {
  /* fire events that update state */
});
/* assert on the output */

This ensures that you're testing the behavior the user would see in the browser. Learn more at https://reactjs.org/link/wrap-tests-with-act
    at zd (file:///Users/hutou/Desktop/ai-engineering/%E5%8E%86%E5%8F%B2%E9%A1%B9%E7%9B%AE/fuqin-date/.worktrees/competition-visual-readiness/dsh-plugins/analytics-workbench/lib/views/cockpit-view.js?picker=denial:993:4991)
    at kce (file:///Users/hutou/Desktop/ai-engineering/%E5%8E%86%E5%8F%B2%E9%A1%B9%E7%9B%AE/fuqin-date/.worktrees/competition-visual-readiness/dsh-plugins/analytics-workbench/lib/views/cockpit-view.js?picker=denial:993:45718)
Warning: An update to zd inside a test was not wrapped in act(...).

When testing, code that causes React state updates should be wrapped into act(...):

act(() => {
  /* fire events that update state */
});
/* assert on the output */

This ensures that you're testing the behavior the user would see in the browser. Learn more at https://reactjs.org/link/wrap-tests-with-act
    at zd (file:///Users/hutou/Desktop/ai-engineering/%E5%8E%86%E5%8F%B2%E9%A1%B9%E7%9B%AE/fuqin-date/.worktrees/competition-visual-readiness/dsh-plugins/analytics-workbench/lib/views/cockpit-view.js?picker=denial:993:4991)
    at kce (file:///Users/hutou/Desktop/ai-engineering/%E5%8E%86%E5%8F%B2%E9%A1%B9%E7%9B%AE/fuqin-date/.worktrees/competition-visual-readiness/dsh-plugins/analytics-workbench/lib/views/cockpit-view.js?picker=denial:993:45718)
✔ board switching keeps the prior asset on denial and does not restore an unlisted preference (201.148458ms)
✔ HTTP connection loss yields a displayable error without retrying an uncertain write (1.202542ms)
✔ non-contract HTTP errors remain visible and contracted permission errors retain their identity (0.258875ms)
✔ embedded board/result fixtures match frozen C0 JSON (10.867333ms)
✔ C0 board decode rejects PUBLIC visibility and accepts empty boards (0.479542ms)
✔ illegal HTML/JS patches are rejected before transport (0.47775ms)
✔ UI selection does not rewrite in-flight patch target (0.124916ms)
✔ layout clamp and keyboard substitutes match overlay bounds (0.1045ms)
✔ fixture transport covers endorse, partial batch, style preview, 409, 403 (0.796083ms)
✔ FILTER_CHANGE and empty result stay honest (0.096042ms)
✔ formatResultRowCount never renders undefined; sparse confirm chips do not throw (0.172084ms)
✔ board UI source covers endorsement, grid, scope chat, 409 and keyboard substitutes (1.83875ms)
✔ computed GSV is a separate, endorsable saved result with raw ratios (0.555792ms)
✔ computed decoder rejects forged family, percentages and corrupt values (0.313292ms)
✔ HTTP transport does not load malformed computed amounts into endorsement list (12.192041ms)
✔ competition HTTP options refuse user demo ports (0.542084ms)
✔ HTTP audience wrap turns UI chips into C0 T05 preview body (0.102875ms)
✔ HTTP transports post C0 paths and unwrap results list (0.377ms)
✔ competition shell exports the A6 contract names with the locked AntD provider (3.3475ms)
✔ brand tokens follow DESIGN.md and keep original asset URLs (0.905084ms)
✔ competition CSS covers welcome/nav/title/error/dialog and reduced motion (1.745ms)
✔ native chrome export const css is not painted with Vue brand literals (1.004041ms)
✔ layout slots include A6 mount points and do not register native DSH keys (0.722333ms)
The above error occurred in the <Boom> component:

    at Boom (file:///Users/hutou/Desktop/ai-engineering/%E5%8E%86%E5%8F%B2%E9%A1%B9%E7%9B%AE/fuqin-date/.worktrees/competition-visual-readiness/dsh-plugins/analytics-workbench/src/client/overlay-error-boundary.test.mjs:18:9)
    at OverlayErrorBoundary (file:///Users/hutou/Desktop/ai-engineering/%E5%8E%86%E5%8F%B2%E9%A1%B9%E7%9B%AE/fuqin-date/.worktrees/competition-visual-readiness/dsh-plugins/analytics-workbench/src/client/overlay-error-boundary.mjs:6:5)
    at div
    at Shell (file:///Users/hutou/Desktop/ai-engineering/%E5%8E%86%E5%8F%B2%E9%A1%B9%E7%9B%AE/fuqin-date/.worktrees/competition-visual-readiness/dsh-plugins/analytics-workbench/src/client/overlay-error-boundary.test.mjs:28:20)

React will try to recreate this component tree from scratch using the error boundary you provided, OverlayErrorBoundary.
Warning: An update to Root inside a test was not wrapped in act(...).

When testing, code that causes React state updates should be wrapped into act(...):

act(() => {
  /* fire events that update state */
});
/* assert on the output */

This ensures that you're testing the behavior the user would see in the browser. Learn more at https://reactjs.org/link/wrap-tests-with-act
✔ OverlayErrorBoundary keeps siblings mounted and remounts on resetKey (53.83375ms)
✔ native abort preserves publication outcome: CANCELLED (15.466125ms)
✔ native abort preserves publication outcome: ALREADY_PUBLISHED (0.304583ms)
✔ native abort preserves publication outcome: UNCONFIRMED (0.12925ms)
✔ native abort preserves publication outcome: wrong-binding (0.184292ms)
✔ competition skill package freezes without numeric evidence (13.338334ms)
✔ resource key denies ../SKILL.md (2.225625ms)
✔ resource key denies /etc/passwd (1.133375ms)
✔ resource key denies https://example.com/private (0.907916ms)
✔ resource key denies scripts/run.sh (1.336125ms)
✔ resource key denies SKILL.md (1.215875ms)
✔ registered tools do not include old routes (0.166833ms)
✔ native cancellation reaches the pending HTTP request and never retries (0.567709ms)
✔ STYLE_ONLY does not query; FILTER_CHANGE is a new run (0.127791ms)
✔ illegal script patch and in-flight selection (0.12875ms)
✔ offline python eval suite (228.703458ms)
✔ built native diagnosis tools forward trusted session IDs over model-supplied values (23.467542ms)
✔ T13 real model is NOT_RUN and stub is forbidden (0.641833ms)
✔ T15 browser+model UAT is NOT_RUN (0.534458ms)
✔ T16 capacity is NOT_RUN and must not start a load run (0.10225ms)
✔ T17 native/browser matrix is NOT_RUN without independent DSH (0.101542ms)
✔ does not bind user demo ports 8000/5173/4327 (0.652167ms)
✔ T09-T11 board source exists on SUT and keeps in-flight target (0.965584ms)
✔ T09 board UI source covers endorsement and partial batch (0.453542ms)
✔ T10 style-only is not a query; illegal script rejected (1.82325ms)
✔ T11 model-unavailable still shows saved board; discard is not undo (0.95175ms)
✔ T12 actions source covers zero candidates and no auto send (0.360333ms)
✔ T09-T11 compiled React DOM is fail-closed without lib/views (0.346709ms)
ℹ tests 72
ℹ suites 0
ℹ pass 72
ℹ fail 0
ℹ cancelled 0
ℹ skipped 0
ℹ todo 0
ℹ duration_ms 3139.597583
B0 host full typecheck passed
B0 client full typecheck passed

  .context/dsh-b0/clean-build-jeEild/lib/skills.js      47.8kb
  .context/dsh-b0/clean-build-jeEild/lib/tool.js        32.7kb
  .context/dsh-b0/clean-build-jeEild/lib/index.js       26.4kb
  .context/dsh-b0/clean-build-jeEild/lib/skills.js.map  76.8kb
  .context/dsh-b0/clean-build-jeEild/lib/tool.js.map    72.8kb
  .context/dsh-b0/clean-build-jeEild/lib/index.js.map   48.4kb

⚡ Done in 7ms

  .context/dsh-b0/clean-build-jeEild/lib/client.js      573.7kb
  .context/dsh-b0/clean-build-jeEild/lib/client.js.map    2.3mb

⚡ Done in 134ms

  .context/dsh-b0/clean-build-jeEild/lib/views/cockpit-view.js         512.5kb
  ...h-b0/clean-build-jeEild/lib/views/first-purchase-cockpit-view.js   50.4kb
  .context/dsh-b0/clean-build-jeEild/lib/views/saved-analysis-view.js   32.8kb
  ...ean-build-jeEild/lib/views/first-purchase-saved-analysis-view.js   25.7kb
  .context/dsh-b0/clean-build-jeEild/lib/views/cockpit-view.js.map       2.1mb
  .../clean-build-jeEild/lib/views/first-purchase-cockpit-view.js.map   98.2kb
  ...t/dsh-b0/clean-build-jeEild/lib/views/saved-analysis-view.js.map   73.2kb
  ...build-jeEild/lib/views/first-purchase-saved-analysis-view.js.map   48.1kb

⚡ Done in 80ms
B0 plugin built. Host entry: file:///Users/hutou/Desktop/ai-engineering/%E5%8E%86%E5%8F%B2%E9%A1%B9%E7%9B%AE/fuqin-date/.worktrees/competition-visual-readiness/.context/dsh-b0/clean-build-jeEild/lib/index.js
✔ native resolved mode updates the existing dialog and inherited competition controls (226.211583ms)
✔ RoutedOverlay stays on the B0 stub until CONNECTED cockpit probe succeeds (45.696334ms)
✔ dirty overlay close asks to discard and does not keep the preview after discard (90.720167ms)
✔ stale preview response is ignored after a newer refresh generation (88.499709ms)
✔ HTTP overlay and mock overlay share the native dialog Tab trap (0.179084ms)
✔ closed connection details remain keyboard reachable without exposing hidden controls (27.186958ms)
✔ configured competition opens its board directly and loads B0 only on explicit navigation (81.123209ms)
✔ footer open remounts overlay after close on the same page (74.745459ms)
✔ layout drag commits on pointerup and does not preview on pointermove (58.212334ms)
✔ undoBoard is a no-op when the saved board has no prior version (42.3415ms)
✔ undoBoard previews restore_from_version against the current board etag (40.772083ms)
✔ analyses panel add previews analysis_ref then save posts the add intent key (76.498042ms)
✔ addAnalysis creates the owner board before previewing add when none exists (53.423875ms)
✔ preview 409 re-reads and does not keep a stale pending op (63.663208ms)
✔ save 409 re-reads and does not keep the pending preview (67.661708ms)
✔ save 201 then dashboard 4xx/409 does not POST a second analysis (86.602375ms)
✔ two overlay instances keep preview save undo on their own dashboard_id (121.438875ms)
✔ analyses panel sets data-panel=analyses, omits undo, and does not claim overlay hung (37.195416ms)
✔ built Host root requires isolated capabilities; tool fails closed without native context (34.152958ms)
✔ built browser factory requires only platform modules and registers shared-root entries (58.342083ms)
✔ compiled first-purchase card covers states without skipping the renderer (78.011667ms)
✔ one package entry registers competition tools only for explicitly connected native UI (38.623291ms)
✔ built package root and per-agent tool load through real Cordis include and dispose (44.735542ms)
✔ query-family Cordis loader registers query tool and two-session health (11.527917ms)
✔ ordinary native chat has no synthetic run status; registered B0 still has its status (67.263625ms)
✔ apply registers business slots; dispose removes them without touching native keys (7.4095ms)
✔ a second apply on the same fake ctx duplicates registrations; Host must not double-insert the plugin (4.78375ms)
Warning: The current testing environment is not configured to support act(...)
Warning: The current testing environment is not configured to support act(...)
Warning: The current testing environment is not configured to support act(...)
Warning: The current testing environment is not configured to support act(...)
Warning: The current testing environment is not configured to support act(...)
Warning: The current testing environment is not configured to support act(...)
Warning: The current testing environment is not configured to support act(...)
Warning: The current testing environment is not configured to support act(...)
Warning: The current testing environment is not configured to support act(...)
Warning: The current testing environment is not configured to support act(...)
Warning: The current testing environment is not configured to support act(...)
Warning: The current testing environment is not configured to support act(...)
Warning: The current testing environment is not configured to support act(...)
Warning: The current testing environment is not configured to support act(...)
Warning: The current testing environment is not configured to support act(...)
Warning: The current testing environment is not configured to support act(...)
Warning: The current testing environment is not configured to support act(...)
Warning: The current testing environment is not configured to support act(...)
Warning: The current testing environment is not configured to support act(...)
Warning: The current testing environment is not configured to support act(...)
Warning: The current testing environment is not configured to support act(...)
Warning: The current testing environment is not configured to support act(...)
Warning: The current testing environment is not configured to support act(...)
Warning: The current testing environment is not configured to support act(...)
Warning: The current testing environment is not configured to support act(...)
Warning: The current testing environment is not configured to support act(...)
Warning: The current testing environment is not configured to support act(...)
Warning: The current testing environment is not configured to support act(...)
Warning: The current testing environment is not configured to support act(...)
Warning: The current testing environment is not configured to support act(...)
Warning: The current testing environment is not configured to support act(...)
Warning: The current testing environment is not configured to support act(...)
Warning: The current testing environment is not configured to support act(...)
Warning: The current testing environment is not configured to support act(...)
Warning: The current testing environment is not configured to support act(...)
✔ compiled cancel click surfaces HTTP/RPC/network outcomes and suppresses unhandledRejection (369.428959ms)
Warning: The current testing environment is not configured to support act(...)
Warning: The current testing environment is not configured to support act(...)
Warning: The current testing environment is not configured to support act(...)
Warning: The current testing environment is not configured to support act(...)
✔ duplicate click while submitting does not open a second request (40.43175ms)
Warning: The current testing environment is not configured to support act(...)
Warning: The current testing environment is not configured to support act(...)
Warning: The current testing environment is not configured to support act(...)
    at oh (evalmachine.<anonymous>:202:16862)
Warning: The current testing environment is not configured to support act(...)
✔ late cancel response does not paint a later call card (30.259417ms)
✔ query-card source keeps existing fault copy and stamps data-query-fault (0.72025ms)
✔ unknown version, extra fields, and tool errors classify without leaking channel facts (0.47225ms)
✔ compiled query fault cards hide channel digits when lib/client.js is present (77.660125ms)
✔ save then join creates an owner board and posts add with board-version key (115.092792ms)
✔ save surfaces contract errors and malformed payloads without treating them as saved (64.852791ms)
✔ join keeps the analysis saved when listing the board fails (50.843791ms)
✔ save 201 then dashboard 4xx/409 does not POST a second analysis; join retries joinAttempt only (142.409584ms)
✔ duplicate save click while posting does not open a second request (51.287333ms)
✔ query-family Cordis skills register immutable method and deny unknown skill name (13.666291ms)
✔ compiled saved analysis renders without a session and preserves unavailable/denied states (3.802917ms)
✔ compiled cockpit renders without a session and preserves unavailable/denied states (1.321375ms)
✔ native filesystem provider excludes synthetic personal/project roots and an explicit empty bundled root (11.584042ms)
✔ native skill loading and real compaction preserve fresh backend authority and deny revoked reads (26.797916ms)
✔ compiled React tool card DOM: running (0.569833ms)
✔ compiled React tool card DOM: success (0.509292ms)
✔ compiled React tool card DOM: tool-error (0.170625ms)
✔ compiled React tool card DOM: unknown-version (0.269459ms)
✔ compiled React tool card DOM: missing-meta (0.223459ms)
✔ compiled React tool card DOM: extra-meta (0.187583ms)
✔ compiled React tool card DOM: changed-facts (0.122167ms)
✔ compiled React tool card DOM: error-with-meta (0.104708ms)
✔ compiled React query tool card DOM: query-running (0.403166ms)
✔ compiled React query tool card DOM: query-success (1.253ms)
✔ compiled React query tool card DOM: query-null (0.193125ms)
✔ compiled React query tool card DOM: query-failed (0.078ms)
✔ compiled React query tool card DOM: query-unknown (0.088542ms)
✔ query card stylesheet uses native DSH body token and does not keep the 13px body size (0.055ms)
✔ compiled plugin owns B0 and query tool keys, preserving other native card registrations (0.311125ms)
ℹ tests 58
ℹ suites 0
ℹ pass 58
ℹ fail 0
ℹ cancelled 0
ℹ skipped 0
ℹ todo 0
ℹ duration_ms 1677.943833
B0 pipeline passed; clean plugin: /Users/hutou/Desktop/ai-engineering/历史项目/fuqin-date/.worktrees/competition-visual-readiness/.context/dsh-b0/clean-build-jeEild
